Component: ARM Compiler 5.05 update 1 (build 106) Tool: armlink [4d0efa]

==============================================================================

Section Cross References

    startup_stm32f205xx.o(RESET) refers to startup_stm32f205xx.o(STACK) for __initial_sp
    startup_stm32f205xx.o(RESET) refers to startup_stm32f205xx.o(.text) for Reset_Handler
    startup_stm32f205xx.o(RESET) refers to stm32f2xx_it.o(i.NMI_Handler) for NMI_Handler
    startup_stm32f205xx.o(RESET) refers to stm32f2xx_it.o(i.HardFault_Handler) for HardFault_Handler
    startup_stm32f205xx.o(RESET) refers to stm32f2xx_it.o(i.MemManage_Handler) for MemManage_Handler
    startup_stm32f205xx.o(RESET) refers to stm32f2xx_it.o(i.BusFault_Handler) for BusFault_Handler
    startup_stm32f205xx.o(RESET) refers to stm32f2xx_it.o(i.UsageFault_Handler) for UsageFault_Handler
    startup_stm32f205xx.o(RESET) refers to stm32f2xx_it.o(i.SVC_Handler) for SVC_Handler
    startup_stm32f205xx.o(RESET) refers to stm32f2xx_it.o(i.DebugMon_Handler) for DebugMon_Handler
    startup_stm32f205xx.o(RESET) refers to stm32f2xx_it.o(i.PendSV_Handler) for PendSV_Handler
    startup_stm32f205xx.o(RESET) refers to stm32f2xx_it.o(i.SysTick_Handler) for SysTick_Handler
    startup_stm32f205xx.o(RESET) refers to stm32f2xx_it.o(i.EXTI3_IRQHandler) for EXTI3_IRQHandler
    startup_stm32f205xx.o(RESET) refers to stm32f2xx_it.o(i.CAN1_RX0_IRQHandler) for CAN1_RX0_IRQHandler
    startup_stm32f205xx.o(.text) refers to system_stm32f2xx.o(i.SystemInit) for SystemInit
    startup_stm32f205xx.o(.text) refers to entry.o(.ARM.Collect$$$$00000000) for __main
    main.o(i.HAL_CAN_RxFifo0MsgPendingCallback) refers to stm32f2xx_hal_can.o(i.HAL_CAN_GetRxMessage) for HAL_CAN_GetRxMessage
    main.o(i.HAL_CAN_RxFifo0MsgPendingCallback) refers to printfa.o(i.__0printf) for __2printf
    main.o(i.HAL_CAN_RxFifo0MsgPendingCallback) refers to main.o(.bss) for hCAN1_RxHeader
    main.o(i.HAL_Delay_ms) refers to main.o(i.HAL_Delay_us) for HAL_Delay_us
    main.o(i.HAL_GPIO_EXTI_Callback) refers to main.o(.data) for g_trg
    main.o(i.HAL_SPI_T_R) refers to stm32f2xx_hal_gpio.o(i.HAL_GPIO_WritePin) for HAL_GPIO_WritePin
    main.o(i.HAL_SPI_T_R) refers to main.o(i.HAL_Delay_us) for HAL_Delay_us
    main.o(i.HAL_SPI_T_R) refers to stm32f2xx_hal_spi.o(i.HAL_SPI_Transmit) for HAL_SPI_Transmit
    main.o(i.HAL_SPI_T_R) refers to stm32f2xx_hal_spi.o(i.HAL_SPI_Receive) for HAL_SPI_Receive
    main.o(i.HAL_SPI_T_R) refers to main.o(.bss) for hspi1
    main.o(i.HAL_SPI_T_R_Burst) refers to stm32f2xx_hal_gpio.o(i.HAL_GPIO_WritePin) for HAL_GPIO_WritePin
    main.o(i.HAL_SPI_T_R_Burst) refers to stm32f2xx_hal_spi.o(i.HAL_SPI_Transmit) for HAL_SPI_Transmit
    main.o(i.HAL_SPI_T_R_Burst) refers to stm32f2xx_hal_spi.o(i.HAL_SPI_Receive) for HAL_SPI_Receive
    main.o(i.HAL_SPI_T_R_Burst) refers to main.o(.bss) for hspi1
    main.o(i.HAL_SPI_T_R_adapt_330_write) refers to stm32f2xx_hal_gpio.o(i.HAL_GPIO_WritePin) for HAL_GPIO_WritePin
    main.o(i.HAL_SPI_T_R_adapt_330_write) refers to main.o(i.HAL_Delay_us) for HAL_Delay_us
    main.o(i.HAL_SPI_T_R_adapt_330_write) refers to stm32f2xx_hal_spi.o(i.HAL_SPI_Transmit) for HAL_SPI_Transmit
    main.o(i.HAL_SPI_T_R_adapt_330_write) refers to main.o(.bss) for hspi1
    main.o(i.IMU331_change_ODR) refers to main.o(i.single_spi_read) for single_spi_read
    main.o(i.IMU331_change_ODR) refers to main.o(i.HAL_Delay_us) for HAL_Delay_us
    main.o(i.IMU331_change_ODR) refers to printfa.o(i.__0printf) for __2printf
    main.o(i.IMU331_change_ODR) refers to main.o(i.single_spi_write) for single_spi_write
    main.o(i.IMU828_signal_read) refers to main.o(i.acc_readxyz_raw) for acc_readxyz_raw
    main.o(i.IMU828_signal_read) refers to main.o(i.gyro_readxyz_raw) for gyro_readxyz_raw
    main.o(i.IMU828_signal_read) refers to fflti.o(.text) for __aeabi_i2f
    main.o(i.IMU828_signal_read) refers to f2d.o(.text) for __aeabi_f2d
    main.o(i.IMU828_signal_read) refers to printfa.o(i.__0printf) for __2printf
    main.o(i.MX_ADC1_Init) refers to stm32f2xx_hal_adc.o(i.HAL_ADC_Init) for HAL_ADC_Init
    main.o(i.MX_ADC1_Init) refers to main.o(i.Error_Handler) for Error_Handler
    main.o(i.MX_ADC1_Init) refers to stm32f2xx_hal_adc.o(i.HAL_ADC_ConfigChannel) for HAL_ADC_ConfigChannel
    main.o(i.MX_ADC1_Init) refers to main.o(.bss) for hadc1
    main.o(i.MX_CAN1_Init) refers to stm32f2xx_hal_can.o(i.HAL_CAN_Init) for HAL_CAN_Init
    main.o(i.MX_CAN1_Init) refers to main.o(i.Error_Handler) for Error_Handler
    main.o(i.MX_CAN1_Init) refers to main.o(.bss) for hcan1
    main.o(i.MX_GPIO_Init) refers to memseta.o(.text) for __aeabi_memclr4
    main.o(i.MX_GPIO_Init) refers to stm32f2xx_hal_gpio.o(i.HAL_GPIO_WritePin) for HAL_GPIO_WritePin
    main.o(i.MX_GPIO_Init) refers to stm32f2xx_hal_gpio.o(i.HAL_GPIO_Init) for HAL_GPIO_Init
    main.o(i.MX_GPIO_Init) refers to stm32f2xx_hal_cortex.o(i.HAL_NVIC_SetPriority) for HAL_NVIC_SetPriority
[...]
    Removing stm32f2xx_hal_spi.o(i.HAL_SPI_ErrorCallback), (2 bytes).
    Removing stm32f2xx_hal_spi.o(i.HAL_SPI_GetError), (6 bytes).
    Removing stm32f2xx_hal_spi.o(i.HAL_SPI_GetState), (8 bytes).
    Removing stm32f2xx_hal_spi.o(i.HAL_SPI_IRQHandler), (348 bytes).
    Removing stm32f2xx_hal_spi.o(i.HAL_SPI_MspDeInit), (2 bytes).
    Removing stm32f2xx_hal_spi.o(i.HAL_SPI_MspInit), (2 bytes).
    Removing stm32f2xx_hal_spi.o(i.HAL_SPI_Receive_DMA), (272 bytes).
    Removing stm32f2xx_hal_spi.o(i.HAL_SPI_Receive_IT), (204 bytes).
    Removing stm32f2xx_hal_spi.o(i.HAL_SPI_RxCpltCallback), (2 bytes).
    Removing stm32f2xx_hal_spi.o(i.HAL_SPI_RxHalfCpltCallback), (2 bytes).
    Removing stm32f2xx_hal_spi.o(i.HAL_SPI_TransmitReceive_DMA), (364 bytes).
    Removing stm32f2xx_hal_spi.o(i.HAL_SPI_TransmitReceive_IT), (196 bytes).
    Removing stm32f2xx_hal_spi.o(i.HAL_SPI_Transmit_DMA), (240 bytes).
    Removing stm32f2xx_hal_spi.o(i.HAL_SPI_Transmit_IT), (168 bytes).
    Removing stm32f2xx_hal_spi.o(i.HAL_SPI_TxCpltCallback), (2 bytes).
    Removing stm32f2xx_hal_spi.o(i.HAL_SPI_TxHalfCpltCallback), (2 bytes).
    Removing stm32f2xx_hal_spi.o(i.HAL_SPI_TxRxCpltCallback), (2 bytes).
    Removing stm32f2xx_hal_spi.o(i.HAL_SPI_TxRxHalfCpltCallback), (2 bytes).
    Removing stm32f2xx_hal_spi.o(i.SPI_2linesRxISR_16BIT), (52 bytes).
    Removing stm32f2xx_hal_spi.o(i.SPI_2linesRxISR_8BIT), (52 bytes).
    Removing stm32f2xx_hal_spi.o(i.SPI_2linesTxISR_16BIT), (52 bytes).
    Removing stm32f2xx_hal_spi.o(i.SPI_2linesTxISR_8BIT), (52 bytes).
    Removing stm32f2xx_hal_spi.o(i.SPI_AbortRx_ISR), (104 bytes).
    Removing stm32f2xx_hal_spi.o(i.SPI_AbortTx_ISR), (32 bytes).
    Removing stm32f2xx_hal_spi.o(i.SPI_CloseRxTx_ISR), (188 bytes).
    Removing stm32f2xx_hal_spi.o(i.SPI_CloseRx_ISR), (94 bytes).
    Removing stm32f2xx_hal_spi.o(i.SPI_CloseTx_ISR), (160 bytes).
    Removing stm32f2xx_hal_spi.o(i.SPI_DMAAbortOnError), (20 bytes).
    Removing stm32f2xx_hal_spi.o(i.SPI_DMAError), (40 bytes).
    Removing stm32f2xx_hal_spi.o(i.SPI_DMAHalfReceiveCplt), (14 bytes).
    Removing stm32f2xx_hal_spi.o(i.SPI_DMAHalfTransmitCplt), (14 bytes).
    Removing stm32f2xx_hal_spi.o(i.SPI_DMAHalfTransmitReceiveCplt), (14 bytes).
    Removing stm32f2xx_hal_spi.o(i.SPI_DMAReceiveCplt), (98 bytes).
    Removing stm32f2xx_hal_spi.o(i.SPI_DMARxAbortCallback), (144 bytes).
    Removing stm32f2xx_hal_spi.o(i.SPI_DMATransmitCplt), (128 bytes).
    Removing stm32f2xx_hal_spi.o(i.SPI_DMATransmitReceiveCplt), (104 bytes).
    Removing stm32f2xx_hal_spi.o(i.SPI_DMATxAbortCallback), (172 bytes).
    Removing stm32f2xx_hal_spi.o(i.SPI_RxISR_16BIT), (36 bytes).
    Removing stm32f2xx_hal_spi.o(i.SPI_RxISR_8BIT), (36 bytes).
    Removing stm32f2xx_hal_spi.o(i.SPI_TxISR_16BIT), (36 bytes).
    Removing stm32f2xx_hal_spi.o(i.SPI_TxISR_8BIT), (36 bytes).
    Removing stm32f2xx_hal_tim.o(.rev16_text), (4 bytes).
    Removing stm32f2xx_hal_tim.o(.revsh_text), (4 bytes).
    Removing stm32f2xx_hal_tim.o(.rrx_text), (6 bytes).
    Removing stm32f2xx_hal_tim_ex.o(.rev16_text), (4 bytes).
    Removing stm32f2xx_hal_tim_ex.o(.revsh_text), (4 bytes).
    Removing stm32f2xx_hal_tim_ex.o(.rrx_text), (6 bytes).
    Removing stm32f2xx_hal_uart.o(.rev16_text), (4 bytes).
    Removing stm32f2xx_hal_uart.o(.revsh_text), (4 bytes).
    Removing stm32f2xx_hal_uart.o(.rrx_text), (6 bytes).
    Removing stm32f2xx_hal_uart.o(i.HAL_HalfDuplex_EnableReceiver), (68 bytes).
    Removing stm32f2xx_hal_uart.o(i.HAL_HalfDuplex_EnableTransmitter), (68 bytes).
    Removing stm32f2xx_hal_uart.o(i.HAL_HalfDuplex_Init), (118 bytes).
    Removing stm32f2xx_hal_uart.o(i.HAL_LIN_Init), (142 bytes).
    Removing stm32f2xx_hal_uart.o(i.HAL_LIN_SendBreak), (62 bytes).
    Removing stm32f2xx_hal_uart.o(i.HAL_MultiProcessor_EnterMuteMode), (62 bytes).
    Removing stm32f2xx_hal_uart.o(i.HAL_MultiProcessor_ExitMuteMode), (62 bytes).
    Removing stm32f2xx_hal_uart.o(i.HAL_MultiProcessor_Init), (154 bytes).
    Removing stm32f2xx_hal_uart.o(i.HAL_UART_Abort), (170 bytes).
    Removing stm32f2xx_hal_uart.o(i.HAL_UART_AbortCpltCallback), (2 bytes).
    Removing stm32f2xx_hal_uart.o(i.HAL_UART_AbortReceive), (102 bytes).
    Removing stm32f2xx_hal_uart.o(i.HAL_UART_AbortReceiveCpltCallback), (2 bytes).
    Removing stm32f2xx_hal_uart.o(i.HAL_UART_AbortReceive_IT), (120 bytes).
    Removing stm32f2xx_hal_uart.o(i.HAL_UART_AbortTransmit), (90 bytes).
    Removing stm32f2xx_hal_uart.o(i.HAL_UART_AbortTransmitCpltCallback), (2 bytes).
    Removing stm32f2xx_hal_uart.o(i.HAL_UART_AbortTransmit_IT), (108 bytes).
    Removing stm32f2xx_hal_uart.o(i.HAL_UART_Abort_IT), (224 bytes).
    Removing stm32f2xx_hal_uart.o(i.HAL_UART_DMAPause), (124 bytes).
    Removing stm32f2xx_hal_uart.o(i.HAL_UART_DMAResume), (126 bytes).
    Removing stm32f2xx_hal_uart.o(i.HAL_UART_DMAStop), (102 bytes).
    Removing stm32f2xx_hal_uart.o(i.HAL_UART_DeInit), (58 bytes).
    Removing stm32f2xx_hal_uart.o(i.HAL_UART_ErrorCallback), (2 bytes).
    Removing stm32f2xx_hal_uart.o(i.HAL_UART_GetError), (6 bytes).
    Removing stm32f2xx_hal_uart.o(i.HAL_UART_GetState), (20 bytes).
    Removing stm32f2xx_hal_uart.o(i.HAL_UART_IRQHandler), (332 bytes).
    Removing stm32f2xx_hal_uart.o(i.HAL_UART_MspDeInit), (2 bytes).
    Removing stm32f2xx_hal_uart.o(i.HAL_UART_MspInit), (2 bytes).
    Removing stm32f2xx_hal_uart.o(i.HAL_UART_Receive), (222 bytes).
    Removing stm32f2xx_hal_uart.o(i.HAL_UART_Receive_DMA), (196 bytes).
    Removing stm32f2xx_hal_uart.o(i.HAL_UART_Receive_IT), (112 bytes).
    Removing stm32f2xx_hal_uart.o(i.HAL_UART_RxCpltCallback), (2 bytes).
    Removing stm32f2xx_hal_uart.o(i.HAL_UART_RxHalfCpltCallback), (2 bytes).
    Removing stm32f2xx_hal_uart.o(i.HAL_UART_Transmit_DMA), (156 bytes).
    Removing stm32f2xx_hal_uart.o(i.HAL_UART_Transmit_IT), (88 bytes).
    Removing stm32f2xx_hal_uart.o(i.HAL_UART_TxCpltCallback), (2 bytes).
    Removing stm32f2xx_hal_uart.o(i.HAL_UART_TxHalfCpltCallback), (2 bytes).
    Removing stm32f2xx_hal_uart.o(i.UART_DMAAbortOnError), (20 bytes).
    Removing stm32f2xx_hal_uart.o(i.UART_DMAError), (80 bytes).
    Removing stm32f2xx_hal_uart.o(i.UART_DMAReceiveCplt), (70 bytes).
    Removing stm32f2xx_hal_uart.o(i.UART_DMARxAbortCallback), (52 bytes).
    Removing stm32f2xx_hal_uart.o(i.UART_DMARxHalfCplt), (14 bytes).
    Removing stm32f2xx_hal_uart.o(i.UART_DMARxOnlyAbortCallback), (24 bytes).
    Removing stm32f2xx_hal_uart.o(i.UART_DMATransmitCplt), (54 bytes).
    Removing stm32f2xx_hal_uart.o(i.UART_DMATxAbortCallback), (52 bytes).
    Removing stm32f2xx_hal_uart.o(i.UART_DMATxHalfCplt), (14 bytes).
    Removing stm32f2xx_hal_uart.o(i.UART_DMATxOnlyAbortCallback), (24 bytes).
    Removing stm32f2xx_hal_uart.o(i.UART_EndRxTransfer), (32 bytes).
    Removing stm32f2xx_hal_uart.o(i.UART_EndTransmit_IT), (32 bytes).
    Removing stm32f2xx_hal_uart.o(i.UART_EndTxTransfer), (20 bytes).
    Removing stm32f2xx_hal_uart.o(i.UART_Receive_IT), (166 bytes).
    Removing stm32f2xx_hal_uart.o(i.UART_Transmit_IT), (104 bytes).
    Removing stm32f2xx_hal.o(.rev16_text), (4 bytes).
    Removing stm32f2xx_hal.o(.revsh_text), (4 bytes).
    Removing stm32f2xx_hal.o(.rrx_text), (6 bytes).
    Removing stm32f2xx_hal.o(i.HAL_DBGMCU_DisableDBGSleepMode), (20 bytes).
    Removing stm32f2xx_hal.o(i.HAL_DBGMCU_DisableDBGStandbyMode), (20 bytes).
    Removing stm32f2xx_hal.o(i.HAL_DBGMCU_DisableDBGStopMode), (20 bytes).
    Removing stm32f2xx_hal.o(i.HAL_DBGMCU_EnableDBGSleepMode), (20 bytes).
    Removing stm32f2xx_hal.o(i.HAL_DBGMCU_EnableDBGStandbyMode), (20 bytes).
    Removing stm32f2xx_hal.o(i.HAL_DBGMCU_EnableDBGStopMode), (20 bytes).
    Removing stm32f2xx_hal.o(i.HAL_DeInit), (68 bytes).
    Removing stm32f2xx_hal.o(i.HAL_DisableCompensationCell), (28 bytes).
    Removing stm32f2xx_hal.o(i.HAL_EnableCompensationCell), (28 bytes).
    Removing stm32f2xx_hal.o(i.HAL_GetDEVID), (16 bytes).
    Removing stm32f2xx_hal.o(i.HAL_GetHalVersion), (8 bytes).
    Removing stm32f2xx_hal.o(i.HAL_GetREVID), (12 bytes).
    Removing stm32f2xx_hal.o(i.HAL_GetTickFreq), (12 bytes).
    Removing stm32f2xx_hal.o(i.HAL_GetTickPrio), (12 bytes).
    Removing stm32f2xx_hal.o(i.HAL_GetUIDw0), (12 bytes).
    Removing stm32f2xx_hal.o(i.HAL_GetUIDw1), (12 bytes).
    Removing stm32f2xx_hal.o(i.HAL_GetUIDw2), (12 bytes).
    Removing stm32f2xx_hal.o(i.HAL_MspDeInit), (2 bytes).
    Removing stm32f2xx_hal.o(i.HAL_MspInit), (2 bytes).
    Removing stm32f2xx_hal.o(i.HAL_ResumeTick), (18 bytes).
    Removing stm32f2xx_hal.o(i.HAL_SetTickFreq), (44 bytes).
    Removing stm32f2xx_hal.o(i.HAL_SuspendTick), (18 bytes).
    Removing stm32f2xx_hal_rcc.o(.rev16_text), (4 bytes).
    Removing stm32f2xx_hal_rcc.o(.revsh_text), (4 bytes).
    Removing stm32f2xx_hal_rcc.o(.rrx_text), (6 bytes).
    Removing stm32f2xx_hal_rcc.o(i.HAL_RCC_CSSCallback), (2 bytes).
    Removing stm32f2xx_hal_rcc.o(i.HAL_RCC_DeInit), (328 bytes).
    Removing stm32f2xx_hal_rcc.o(i.HAL_RCC_DisableCSS), (12 bytes).
    Removing stm32f2xx_hal_rcc.o(i.HAL_RCC_EnableCSS), (12 bytes).
    Removing stm32f2xx_hal_rcc.o(i.HAL_RCC_GetClockConfig), (68 bytes).
    Removing stm32f2xx_hal_rcc.o(i.HAL_RCC_GetOscConfig), (292 bytes).
    Removing stm32f2xx_hal_rcc.o(i.HAL_RCC_MCOConfig), (192 bytes).
    Removing stm32f2xx_hal_rcc.o(i.HAL_RCC_NMI_IRQHandler), (32 bytes).
    Removing stm32f2xx_hal_rcc_ex.o(.rev16_text), (4 bytes).
    Removing stm32f2xx_hal_rcc_ex.o(.revsh_text), (4 bytes).
    Removing stm32f2xx_hal_rcc_ex.o(.rrx_text), (6 bytes).
    Removing stm32f2xx_hal_rcc_ex.o(i.HAL_RCCEx_GetPeriphCLKConfig), (80 bytes).
    Removing stm32f2xx_hal_rcc_ex.o(i.HAL_RCCEx_PeriphCLKConfig), (436 bytes).
    Removing stm32f2xx_hal_cortex.o(.rev16_text), (4 bytes).
    Removing stm32f2xx_hal_cortex.o(.revsh_text), (4 bytes).
    Removing stm32f2xx_hal_cortex.o(.rrx_text), (6 bytes).
    Removing stm32f2xx_hal_cortex.o(i.HAL_MPU_ConfigRegion), (92 bytes).
    Removing stm32f2xx_hal_cortex.o(i.HAL_MPU_Disable), (44 bytes).
    Removing stm32f2xx_hal_cortex.o(i.HAL_MPU_Enable), (64 bytes).
    Removing stm32f2xx_hal_cortex.o(i.HAL_NVIC_ClearPendingIRQ), (36 bytes).
    Removing stm32f2xx_hal_cortex.o(i.HAL_NVIC_DisableIRQ), (68 bytes).
    Removing stm32f2xx_hal_cortex.o(i.HAL_NVIC_GetActive), (48 bytes).
    Removing stm32f2xx_hal_cortex.o(i.HAL_NVIC_GetPendingIRQ), (48 bytes).
    Removing stm32f2xx_hal_cortex.o(i.HAL_NVIC_GetPriority), (148 bytes).
    Removing stm32f2xx_hal_cortex.o(i.HAL_NVIC_GetPriorityGrouping), (8 bytes).
    Removing stm32f2xx_hal_cortex.o(i.HAL_NVIC_SetPendingIRQ), (36 bytes).
    Removing stm32f2xx_hal_cortex.o(i.HAL_NVIC_SystemReset), (68 bytes).
    Removing stm32f2xx_hal_cortex.o(i.HAL_SYSTICK_CLKSourceConfig), (40 bytes).
    Removing stm32f2xx_hal_cortex.o(i.HAL_SYSTICK_Callback), (2 bytes).
    Removing stm32f2xx_hal_cortex.o(i.HAL_SYSTICK_IRQHandler), (8 bytes).
    Removing stm32f2xx_hal_flash.o(.rev16_text), (4 bytes).
    Removing stm32f2xx_hal_flash.o(.revsh_text), (4 bytes).
    Removing stm32f2xx_hal_flash.o(.rrx_text), (6 bytes).
    Removing stm32f2xx_hal_flash.o(i.FLASH_Program_Byte), (36 bytes).
    Removing stm32f2xx_hal_flash.o(i.FLASH_Program_DoubleWord), (60 bytes).
    Removing stm32f2xx_hal_flash.o(i.FLASH_Program_HalfWord), (40 bytes).
    Removing stm32f2xx_hal_flash.o(i.FLASH_Program_Word), (40 bytes).
    Removing stm32f2xx_hal_flash.o(i.FLASH_SetErrorCode), (152 bytes).
    Removing stm32f2xx_hal_flash.o(i.FLASH_WaitForLastOperation), (100 bytes).
    Removing stm32f2xx_hal_flash.o(i.HAL_FLASH_EndOfOperationCallback), (2 bytes).
    Removing stm32f2xx_hal_flash.o(i.HAL_FLASH_GetError), (12 bytes).
    Removing stm32f2xx_hal_flash.o(i.HAL_FLASH_IRQHandler), (272 bytes).
    Removing stm32f2xx_hal_flash.o(i.HAL_FLASH_Lock), (20 bytes).
    Removing stm32f2xx_hal_flash.o(i.HAL_FLASH_OB_Launch), (28 bytes).
    Removing stm32f2xx_hal_flash.o(i.HAL_FLASH_OB_Lock), (20 bytes).
    Removing stm32f2xx_hal_flash.o(i.HAL_FLASH_OB_Unlock), (44 bytes).
    Removing stm32f2xx_hal_flash.o(i.HAL_FLASH_OperationErrorCallback), (2 bytes).
    Removing stm32f2xx_hal_flash.o(i.HAL_FLASH_Program), (152 bytes).
    Removing stm32f2xx_hal_flash.o(i.HAL_FLASH_Program_IT), (136 bytes).
    Removing stm32f2xx_hal_flash.o(i.HAL_FLASH_Unlock), (52 bytes).
    Removing stm32f2xx_hal_flash.o(.bss), (32 bytes).
    Removing stm32f2xx_hal_flash_ex.o(.rev16_text), (4 bytes).
    Removing stm32f2xx_hal_flash_ex.o(.revsh_text), (4 bytes).
    Removing stm32f2xx_hal_flash_ex.o(.rrx_text), (6 bytes).
    Removing stm32f2xx_hal_flash_ex.o(i.FLASH_Erase_Sector), (104 bytes).
    Removing stm32f2xx_hal_flash_ex.o(i.FLASH_FlushCaches), (120 bytes).
    Removing stm32f2xx_hal_flash_ex.o(i.FLASH_MassErase), (48 bytes).
    Removing stm32f2xx_hal_flash_ex.o(i.FLASH_OB_BOR_LevelConfig), (32 bytes).
    Removing stm32f2xx_hal_flash_ex.o(i.FLASH_OB_DisableWRP), (40 bytes).
    Removing stm32f2xx_hal_flash_ex.o(i.FLASH_OB_EnableWRP), (40 bytes).
    Removing stm32f2xx_hal_flash_ex.o(i.FLASH_OB_GetBOR), (16 bytes).
    Removing stm32f2xx_hal_flash_ex.o(i.FLASH_OB_GetRDP), (36 bytes).
    Removing stm32f2xx_hal_flash_ex.o(i.FLASH_OB_GetUser), (16 bytes).
    Removing stm32f2xx_hal_flash_ex.o(i.FLASH_OB_GetWRP), (12 bytes).
    Removing stm32f2xx_hal_flash_ex.o(i.FLASH_OB_RDP_LevelConfig), (32 bytes).
    Removing stm32f2xx_hal_flash_ex.o(i.FLASH_OB_UserConfig), (60 bytes).
    Removing stm32f2xx_hal_flash_ex.o(i.HAL_FLASHEx_Erase), (172 bytes).
    Removing stm32f2xx_hal_flash_ex.o(i.HAL_FLASHEx_Erase_IT), (120 bytes).
    Removing stm32f2xx_hal_flash_ex.o(i.HAL_FLASHEx_OBGetConfig), (34 bytes).
    Removing stm32f2xx_hal_flash_ex.o(i.HAL_FLASHEx_OBProgram), (148 bytes).
    Removing stm32f2xx_hal_pwr.o(.rev16_text), (4 bytes).
    Removing stm32f2xx_hal_pwr.o(.revsh_text), (4 bytes).
    Removing stm32f2xx_hal_pwr.o(.rrx_text), (6 bytes).
    Removing stm32f2xx_hal_pwr.o(i.HAL_PWR_ConfigPVD), (180 bytes).
    Removing stm32f2xx_hal_pwr.o(i.HAL_PWR_DeInit), (28 bytes).
    Removing stm32f2xx_hal_pwr.o(i.HAL_PWR_DisableBkUpAccess), (28 bytes).
    Removing stm32f2xx_hal_pwr.o(i.HAL_PWR_DisablePVD), (24 bytes).
    Removing stm32f2xx_hal_pwr.o(i.HAL_PWR_DisableSEVOnPend), (20 bytes).
    Removing stm32f2xx_hal_pwr.o(i.HAL_PWR_DisableSleepOnExit), (20 bytes).
    Removing stm32f2xx_hal_pwr.o(i.HAL_PWR_DisableWakeUpPin), (16 bytes).
    Removing stm32f2xx_hal_pwr.o(i.HAL_PWR_EnableBkUpAccess), (24 bytes).
    Removing stm32f2xx_hal_pwr.o(i.HAL_PWR_EnablePVD), (24 bytes).
    Removing stm32f2xx_hal_pwr.o(i.HAL_PWR_EnableSEVOnPend), (20 bytes).
    Removing stm32f2xx_hal_pwr.o(i.HAL_PWR_EnableSleepOnExit), (20 bytes).
    Removing stm32f2xx_hal_pwr.o(i.HAL_PWR_EnableWakeUpPin), (16 bytes).
    Removing stm32f2xx_hal_pwr.o(i.HAL_PWR_EnterSLEEPMode), (32 bytes).
    Removing stm32f2xx_hal_pwr.o(i.HAL_PWR_EnterSTANDBYMode), (40 bytes).
    Removing stm32f2xx_hal_pwr.o(i.HAL_PWR_EnterSTOPMode), (64 bytes).
    Removing stm32f2xx_hal_pwr.o(i.HAL_PWR_PVDCallback), (2 bytes).
    Removing stm32f2xx_hal_pwr.o(i.HAL_PWR_PVD_IRQHandler), (32 bytes).
    Removing stm32f2xx_hal_pwr_ex.o(.rev16_text), (4 bytes).
    Removing stm32f2xx_hal_pwr_ex.o(.revsh_text), (4 bytes).
    Removing stm32f2xx_hal_pwr_ex.o(.rrx_text), (6 bytes).
    Removing stm32f2xx_hal_pwr_ex.o(i.HAL_PWREx_DisableBkUpReg), (76 bytes).
    Removing stm32f2xx_hal_pwr_ex.o(i.HAL_PWREx_DisableFlashPowerDown), (28 bytes).
    Removing stm32f2xx_hal_pwr_ex.o(i.HAL_PWREx_EnableBkUpReg), (76 bytes).
    Removing stm32f2xx_hal_pwr_ex.o(i.HAL_PWREx_EnableFlashPowerDown), (24 bytes).
    Removing stm32f2xx_hal_gpio.o(.rev16_text), (4 bytes).
    Removing stm32f2xx_hal_gpio.o(.revsh_text), (4 bytes).
    Removing stm32f2xx_hal_gpio.o(.rrx_text), (6 bytes).
    Removing stm32f2xx_hal_gpio.o(i.HAL_GPIO_DeInit), (348 bytes).
    Removing stm32f2xx_hal_gpio.o(i.HAL_GPIO_EXTI_Callback), (2 bytes).
    Removing stm32f2xx_hal_gpio.o(i.HAL_GPIO_LockPin), (46 bytes).
    Removing stm32f2xx_hal_gpio.o(i.HAL_GPIO_ReadPin), (16 bytes).
    Removing stm32f2xx_hal_gpio.o(i.HAL_GPIO_TogglePin), (16 bytes).
    Removing stm32f2xx_hal_dma.o(.rev16_text), (4 bytes).
    Removing stm32f2xx_hal_dma.o(.revsh_text), (4 bytes).
    Removing stm32f2xx_hal_dma.o(.rrx_text), (6 bytes).
    Removing stm32f2xx_hal_dma.o(i.DMA_CalcBaseAndBitshift), (52 bytes).
    Removing stm32f2xx_hal_dma.o(i.DMA_CheckFifoParam), (170 bytes).
    Removing stm32f2xx_hal_dma.o(i.DMA_SetConfig), (44 bytes).
    Removing stm32f2xx_hal_dma.o(i.HAL_DMA_Abort), (170 bytes).
    Removing stm32f2xx_hal_dma.o(i.HAL_DMA_Abort_IT), (40 bytes).
    Removing stm32f2xx_hal_dma.o(i.HAL_DMA_DeInit), (112 bytes).
    Removing stm32f2xx_hal_dma.o(i.HAL_DMA_GetError), (6 bytes).
    Removing stm32f2xx_hal_dma.o(i.HAL_DMA_GetState), (8 bytes).
    Removing stm32f2xx_hal_dma.o(i.HAL_DMA_IRQHandler), (576 bytes).
    Removing stm32f2xx_hal_dma.o(i.HAL_DMA_Init), (236 bytes).
    Removing stm32f2xx_hal_dma.o(i.HAL_DMA_PollForTransfer), (346 bytes).
    Removing stm32f2xx_hal_dma.o(i.HAL_DMA_RegisterCallback), (94 bytes).
    Removing stm32f2xx_hal_dma.o(i.HAL_DMA_Start), (102 bytes).
    Removing stm32f2xx_hal_dma.o(i.HAL_DMA_Start_IT), (146 bytes).
    Removing stm32f2xx_hal_dma.o(i.HAL_DMA_UnRegisterCallback), (124 bytes).
    Removing stm32f2xx_hal_dma.o(.constdata), (8 bytes).
    Removing stm32f2xx_hal_dma_ex.o(.rev16_text), (4 bytes).
    Removing stm32f2xx_hal_dma_ex.o(.revsh_text), (4 bytes).
    Removing stm32f2xx_hal_dma_ex.o(.rrx_text), (6 bytes).
    Removing stm32f2xx_hal_dma_ex.o(i.DMA_MultiBufferSetConfig), (32 bytes).
    Removing stm32f2xx_hal_dma_ex.o(i.HAL_DMAEx_ChangeMemory), (18 bytes).
    Removing stm32f2xx_hal_dma_ex.o(i.HAL_DMAEx_MultiBufferStart), (124 bytes).
    Removing stm32f2xx_hal_dma_ex.o(i.HAL_DMAEx_MultiBufferStart_IT), (4056 bytes).
    Removing stm32f2xx_hal_exti.o(.rev16_text), (4 bytes).
    Removing stm32f2xx_hal_exti.o(.revsh_text), (4 bytes).
    Removing stm32f2xx_hal_exti.o(.rrx_text), (6 bytes).
    Removing stm32f2xx_hal_exti.o(i.HAL_EXTI_ClearConfigLine), (120 bytes).
    Removing stm32f2xx_hal_exti.o(i.HAL_EXTI_ClearPending), (28 bytes).
    Removing stm32f2xx_hal_exti.o(i.HAL_EXTI_GenerateSWI), (24 bytes).
    Removing stm32f2xx_hal_exti.o(i.HAL_EXTI_GetConfigLine), (176 bytes).
    Removing stm32f2xx_hal_exti.o(i.HAL_EXTI_GetHandle), (14 bytes).
    Removing stm32f2xx_hal_exti.o(i.HAL_EXTI_GetPending), (36 bytes).
    Removing stm32f2xx_hal_exti.o(i.HAL_EXTI_IRQHandler), (44 bytes).
    Removing stm32f2xx_hal_exti.o(i.HAL_EXTI_RegisterCallback), (20 bytes).
    Removing stm32f2xx_hal_exti.o(i.HAL_EXTI_SetConfigLine), (240 bytes).
    Removing system_stm32f2xx.o(.rev16_text), (4 bytes).
    Removing system_stm32f2xx.o(.revsh_text), (4 bytes).
    Removing system_stm32f2xx.o(.rrx_text), (6 bytes).
    Removing system_stm32f2xx.o(i.SystemCoreClockUpdate), (192 bytes).
    Removing fflti.o(.text), (18 bytes).
    Removing dfixi.o(.text), (62 bytes).

391 unused section(s) (total 44122 bytes) removed from the image.

==============================================================================

Image Symbol Table

    Local Symbols

    Symbol Name                              Value     Ov Type        Size  Object(Section)

    ../Drivers/STM32F2xx_HAL_Driver/Src/stm32f2xx_hal.c 0x00000000   Number         0  stm32f2xx_hal.o ABSOLUTE
    ../Drivers/STM32F2xx_HAL_Driver/Src/stm32f2xx_hal_adc.c 0x00000000   Number         0  stm32f2xx_hal_adc.o ABSOLUTE
    ../Drivers/STM32F2xx_HAL_Driver/Src/stm32f2xx_hal_adc_ex.c 0x00000000   Number         0  stm32f2xx_hal_adc_ex.o ABSOLUTE
    ../Drivers/STM32F2xx_HAL_Driver/Src/stm32f2xx_hal_can.c 0x00000000   Number         0  stm32f2xx_hal_can.o ABSOLUTE
    ../Drivers/STM32F2xx_HAL_Driver/Src/stm32f2xx_hal_cortex.c 0x00000000   Number         0  stm32f2xx_hal_cortex.o ABSOLUTE
    ../Drivers/STM32F2xx_HAL_Driver/Src/stm32f2xx_hal_dma.c 0x00000000   Number         0  stm32f2xx_hal_dma.o ABSOLUTE
    ../Drivers/STM32F2xx_HAL_Driver/Src/stm32f2xx_hal_dma_ex.c 0x00000000   Number         0  stm32f2xx_hal_dma_ex.o ABSOLUTE
    ../Drivers/STM32F2xx_HAL_Driver/Src/stm32f2xx_hal_exti.c 0x00000000   Number         0  stm32f2xx_hal_exti.o ABSOLUTE
    ../Drivers/STM32F2xx_HAL_Driver/Src/stm32f2xx_hal_flash.c 0x00000000   Number         0  stm32f2xx_hal_flash.o ABSOLUTE
    ../Drivers/STM32F2xx_HAL_Driver/Src/stm32f2xx_hal_flash_ex.c 0x00000000   Number         0  stm32f2xx_hal_flash_ex.o ABSOLUTE
    ../Drivers/STM32F2xx_HAL_Driver/Src/stm32f2xx_hal_gpio.c 0x00000000   Number         0  stm32f2xx_hal_gpio.o ABSOLUTE
    ../Drivers/STM32F2xx_HAL_Driver/Src/stm32f2xx_hal_pwr.c 0x00000000   Number         0  stm32f2xx_hal_pwr.o ABSOLUTE
    ../Drivers/STM32F2xx_HAL_Driver/Src/stm32f2xx_hal_pwr_ex.c 0x00000000   Number         0  stm32f2xx_hal_pwr_ex.o ABSOLUTE
    ../Drivers/STM32F2xx_HAL_Driver/Src/stm32f2xx_hal_rcc.c 0x00000000   Number         0  stm32f2xx_hal_rcc.o ABSOLUTE
    ../Drivers/STM32F2xx_HAL_Driver/Src/stm32f2xx_hal_rcc_ex.c 0x00000000   Number         0  stm32f2xx_hal_rcc_ex.o ABSOLUTE
    ../Drivers/STM32F2xx_HAL_Driver/Src/stm32f2xx_hal_spi.c 0x00000000   Number         0  stm32f2xx_hal_spi.o ABSOLUTE
    ../Drivers/STM32F2xx_HAL_Driver/Src/stm32f2xx_hal_tim.c 0x00000000   Number         0  stm32f2xx_hal_tim.o ABSOLUTE
    ../Drivers/STM32F2xx_HAL_Driver/Src/stm32f2xx_hal_tim_ex.c 0x00000000   Number         0  stm32f2xx_hal_tim_ex.o ABSOLUTE
    ../Drivers/STM32F2xx_HAL_Driver/Src/stm32f2xx_hal_uart.c 0x00000000   Number         0  stm32f2xx_hal_uart.o ABSOLUTE
    ../Src/main.c                            0x00000000   Number         0  main.o ABSOLUTE
    ../Src/stm32f2xx_hal_msp.c               0x00000000   Number         0  stm32f2xx_hal_msp.o ABSOLUTE
    ../Src/stm32f2xx_it.c                    0x00000000   Number         0  stm32f2xx_it.o ABSOLUTE
    ../Src/system_stm32f2xx.c                0x00000000   Number         0  system_stm32f2xx.o ABSOLUTE
    ../clib/microlib/division.c              0x00000000   Number         0  uidiv.o ABSOLUTE
    ../clib/microlib/division.c              0x00000000   Number         0  uldiv.o ABSOLUTE
    ../clib/microlib/init/entry.s            0x00000000   Number         0  entry.o ABSOLUTE
    ../clib/microlib/init/entry.s            0x00000000   Number         0  entry10a.o ABSOLUTE
    ../clib/microlib/init/entry.s            0x00000000   Number         0  entry2.o ABSOLUTE
    ../clib/microlib/init/entry.s            0x00000000   Number         0  entry10b.o ABSOLUTE
    ../clib/microlib/init/entry.s            0x00000000   Number         0  entry5.o ABSOLUTE
    ../clib/microlib/init/entry.s            0x00000000   Number         0  entry7a.o ABSOLUTE
    ../clib/microlib/init/entry.s            0x00000000   Number         0  entry7b.o ABSOLUTE
    ../clib/microlib/init/entry.s            0x00000000   Number         0  entry8b.o ABSOLUTE
    ../clib/microlib/init/entry.s            0x00000000   Number         0  entry9a.o ABSOLUTE
    ../clib/microlib/init/entry.s            0x00000000   Number         0  entry11a.o ABSOLUTE
    ../clib/microlib/init/entry.s            0x00000000   Number         0  entry8a.o ABSOLUTE
    ../clib/microlib/init/entry.s            0x00000000   Number         0  entry11b.o ABSOLUTE
    ../clib/microlib/init/entry.s            0x00000000   Number         0  entry9b.o ABSOLUTE
    ../clib/microlib/longlong.c              0x00000000   Number         0  llsshr.o ABSOLUTE
    ../clib/microlib/longlong.c              0x00000000   Number         0  llshl.o ABSOLUTE
    ../clib/microlib/longlong.c              0x00000000   Number         0  llushr.o ABSOLUTE
    ../clib/microlib/malloc/malloc.c         0x00000000   Number         0  mallocr.o ABSOLUTE
    ../clib/microlib/malloc/malloc.c         0x00000000   Number         0  malloc.o ABSOLUTE
    ../clib/microlib/malloc/malloc.c         0x00000000   Number         0  mallocra.o ABSOLUTE
    ../clib/microlib/malloc/malloc.c         0x00000000   Number         0  malloca.o ABSOLUTE
    ../clib/microlib/malloc/mvars.c          0x00000000   Number         0  mvars.o ABSOLUTE
    ../clib/microlib/printf/printf.c         0x00000000   Number         0  printf6.o ABSOLUTE
    ../clib/microlib/printf/printf.c         0x00000000   Number         0  printf7.o ABSOLUTE
    ../clib/microlib/printf/printf.c         0x00000000   Number         0  printf8.o ABSOLUTE
    ../clib/microlib/printf/printf.c         0x00000000   Number         0  printfb.o ABSOLUTE
    ../clib/microlib/printf/printf.c         0x00000000   Number         0  printf0.o ABSOLUTE
    ../clib/microlib/printf/printf.c         0x00000000   Number         0  printf2.o ABSOLUTE
    ../clib/microlib/printf/printf.c         0x00000000   Number         0  printf1.o ABSOLUTE
    ../clib/microlib/printf/printf.c         0x00000000   Number         0  printf3.o ABSOLUTE
    ../clib/microlib/printf/printf.c         0x00000000   Number         0  printfa.o ABSOLUTE
    ../clib/microlib/printf/printf.c         0x00000000   Number         0  printf4.o ABSOLUTE
    ../clib/microlib/printf/printf.c         0x00000000   Number         0  printf5.o ABSOLUTE
    ../clib/microlib/printf/stubs.s          0x00000000   Number         0  stubs.o ABSOLUTE
    ../clib/microlib/stdio/streams.c         0x00000000   Number         0  stdout.o ABSOLUTE
    ../clib/microlib/string/memcpy.c         0x00000000   Number         0  memcpyb.o ABSOLUTE
    ../clib/microlib/string/memcpy.c         0x00000000   Number         0  memcpya.o ABSOLUTE
    ../clib/microlib/string/memset.c         0x00000000   Number         0  memseta.o ABSOLUTE
    ../clib/microlib/stubs.s                 0x00000000   Number         0  iusefp.o ABSOLUTE
    ../fplib/microlib/d2f.c                  0x00000000   Number         0  d2f.o ABSOLUTE
    ../fplib/microlib/f2d.c                  0x00000000   Number         0  f2d.o ABSOLUTE
    ../fplib/microlib/fpadd.c                0x00000000   Number         0  dadd.o ABSOLUTE
    ../fplib/microlib/fpdiv.c                0x00000000   Number         0  ddiv.o ABSOLUTE
    ../fplib/microlib/fpepilogue.c           0x00000000   Number         0  fepilogue.o ABSOLUTE
    ../fplib/microlib/fpepilogue.c           0x00000000   Number         0  depilogue.o ABSOLUTE
    ../fplib/microlib/fpfix.c                0x00000000   Number         0  dfixi.o ABSOLUTE
    ../fplib/microlib/fpfix.c                0x00000000   Number         0  dfixul.o ABSOLUTE
    ../fplib/microlib/fpflt.c                0x00000000   Number         0  dflti.o ABSOLUTE
    ../fplib/microlib/fpflt.c                0x00000000   Number         0  fflti.o ABSOLUTE
    ../fplib/microlib/fpmul.c                0x00000000   Number         0  dmul.o ABSOLUTE
    ..\Drivers\STM32F2xx_HAL_Driver\Src\stm32f2xx_hal.c 0x00000000   Number         0  stm32f2xx_hal.o ABSOLUTE
    ..\Drivers\STM32F2xx_HAL_Driver\Src\stm32f2xx_hal_adc.c 0x00000000   Number         0  stm32f2xx_hal_adc.o ABSOLUTE
    ..\Drivers\STM32F2xx_HAL_Driver\Src\stm32f2xx_hal_adc_ex.c 0x00000000   Number         0  stm32f2xx_hal_adc_ex.o ABSOLUTE
    ..\Drivers\STM32F2xx_HAL_Driver\Src\stm32f2xx_hal_can.c 0x00000000   Number         0  stm32f2xx_hal_can.o ABSOLUTE
    ..\Drivers\STM32F2xx_HAL_Driver\Src\stm32f2xx_hal_cortex.c 0x00000000   Number         0  stm32f2xx_hal_cortex.o ABSOLUTE
    ..\Drivers\STM32F2xx_HAL_Driver\Src\stm32f2xx_hal_dma.c 0x00000000   Number         0  stm32f2xx_hal_dma.o ABSOLUTE
    ..\Drivers\STM32F2xx_HAL_Driver\Src\stm32f2xx_hal_dma_ex.c 0x00000000   Number         0  stm32f2xx_hal_dma_ex.o ABSOLUTE
    ..\Drivers\STM32F2xx_HAL_Driver\Src\stm32f2xx_hal_exti.c 0x00000000   Number         0  stm32f2xx_hal_exti.o ABSOLUTE
    ..\Drivers\STM32F2xx_HAL_Driver\Src\stm32f2xx_hal_flash.c 0x00000000   Number         0  stm32f2xx_hal_flash.o ABSOLUTE
    ..\Drivers\STM32F2xx_HAL_Driver\Src\stm32f2xx_hal_flash_ex.c 0x00000000   Number         0  stm32f2xx_hal_flash_ex.o ABSOLUTE
    ..\Drivers\STM32F2xx_HAL_Driver\Src\stm32f2xx_hal_gpio.c 0x00000000   Number         0  stm32f2xx_hal_gpio.o ABSOLUTE
    ..\Drivers\STM32F2xx_HAL_Driver\Src\stm32f2xx_hal_pwr.c 0x00000000   Number         0  stm32f2xx_hal_pwr.o ABSOLUTE
    ..\Drivers\STM32F2xx_HAL_Driver\Src\stm32f2xx_hal_pwr_ex.c 0x00000000   Number         0  stm32f2xx_hal_pwr_ex.o ABSOLUTE
    ..\Drivers\STM32F2xx_HAL_Driver\Src\stm32f2xx_hal_rcc.c 0x00000000   Number         0  stm32f2xx_hal_rcc.o ABSOLUTE
    ..\Drivers\STM32F2xx_HAL_Driver\Src\stm32f2xx_hal_rcc_ex.c 0x00000000   Number         0  stm32f2xx_hal_rcc_ex.o ABSOLUTE
    ..\Drivers\STM32F2xx_HAL_Driver\Src\stm32f2xx_hal_spi.c 0x00000000   Number         0  stm32f2xx_hal_spi.o ABSOLUTE
    ..\Drivers\STM32F2xx_HAL_Driver\Src\stm32f2xx_hal_tim.c 0x00000000   Number         0  stm32f2xx_hal_tim.o ABSOLUTE
    ..\Drivers\STM32F2xx_HAL_Driver\Src\stm32f2xx_hal_tim_ex.c 0x00000000   Number         0  stm32f2xx_hal_tim_ex.o ABSOLUTE
    ..\Drivers\STM32F2xx_HAL_Driver\Src\stm32f2xx_hal_uart.c 0x00000000   Number         0  stm32f2xx_hal_uart.o ABSOLUTE
    ..\Src\main.c                            0x00000000   Number         0  main.o ABSOLUTE
    ..\Src\stm32f2xx_hal_msp.c               0x00000000   Number         0  stm32f2xx_hal_msp.o ABSOLUTE
    ..\Src\stm32f2xx_it.c                    0x00000000   Number         0  stm32f2xx_it.o ABSOLUTE
    ..\Src\system_stm32f2xx.c                0x00000000   Number         0  system_stm32f2xx.o ABSOLUTE
    cdrcmple.s                               0x00000000   Number         0  cdrcmple.o ABSOLUTE
    dc.s                                     0x00000000   Number         0  dc.o ABSOLUTE
    handlers.s                               0x00000000   Number         0  handlers.o ABSOLUTE
    init.s                                   0x00000000   Number         0  init.o ABSOLUTE
    startup_stm32f205xx.s                    0x00000000   Number         0  startup_stm32f205xx.o ABSOLUTE
    RESET                                    0x08000000   Section      388  startup_stm32f205xx.o(RESET)
    .ARM.Collect$$$$00000000                 0x08000184   Section        0  entry.o(.ARM.Collect$$$$00000000)
    .ARM.Collect$$$$00000001                 0x08000184   Section        4  entry2.o(.ARM.Collect$$$$00000001)
    .ARM.Collect$$$$00000004                 0x08000188   Section        4  entry5.o(.ARM.Collect$$$$00000004)
    .ARM.Collect$$$$00000008                 0x0800018c   Section        0  entry7b.o(.ARM.Collect$$$$00000008)
    .ARM.Collect$$$$0000000A                 0x0800018c   Section        0  entry8b.o(.ARM.Collect$$$$0000000A)
    .ARM.Collect$$$$0000000B                 0x0800018c   Section        8  entry9a.o(.ARM.Collect$$$$0000000B)
    .ARM.Collect$$$$0000000D                 0x08000194   Section        0  entry10a.o(.ARM.Collect$$$$0000000D)
    .ARM.Collect$$$$0000000F                 0x08000194   Section        0  entry11a.o(.ARM.Collect$$$$0000000F)
    .ARM.Collect$$$$00002712                 0x08000194   Section        4  entry2.o(.ARM.Collect$$$$00002712)
    __lit__00000000                          0x08000194   Data           4  entry2.o(.ARM.Collect$$$$00002712)
    .text                                    0x08000198   Section       36  startup_stm32f205xx.o(.text)
    .text                                    0x080001bc   Section        0  uldiv.o(.text)
    .text                                    0x0800021e   Section        0  memseta.o(.text)
    .text                                    0x08000242   Section        0  ddiv.o(.text)
    .text                                    0x08000320   Section        0  dflti.o(.text)
    .text                                    0x08000342   Section        0  f2d.o(.text)
    .text                                    0x08000368   Section        0  d2f.o(.text)
    .text                                    0x080003a0   Section        0  uidiv.o(.text)
    .text                                    0x080003cc   Section        0  llshl.o(.text)
    .text                                    0x080003ea   Section        0  llushr.o(.text)
    .text                                    0x0800040a   Section        0  fepilogue.o(.text)
    .text                                    0x0800040a   Section        0  iusefp.o(.text)
    .text                                    0x08000478   Section        0  depilogue.o(.text)
    .text                                    0x08000532   Section        0  dadd.o(.text)
    .text                                    0x08000680   Section        0  dmul.o(.text)
    .text                                    0x08000764   Section        0  dfixul.o(.text)
    .text                                    0x08000794   Section       48  cdrcmple.o(.text)
    .text                                    0x080007c4   Section       36  init.o(.text)
    .text                                    0x080007e8   Section        0  llsshr.o(.text)
    i.ADC_Init                               0x0800080c   Section        0  stm32f2xx_hal_adc.o(i.ADC_Init)
    ADC_Init                                 0x0800080d   Thumb Code   362  stm32f2xx_hal_adc.o(i.ADC_Init)
    i.BusFault_Handler                       0x08000984   Section        0  stm32f2xx_it.o(i.BusFault_Handler)
    i.CAN1_RX0_IRQHandler                    0x08000988   Section        0  stm32f2xx_it.o(i.CAN1_RX0_IRQHandler)
    i.DebugMon_Handler                       0x08000998   Section        0  stm32f2xx_it.o(i.DebugMon_Handler)
    i.EXTI3_IRQHandler                       0x0800099a   Section        0  stm32f2xx_it.o(i.EXTI3_IRQHandler)
    i.Error_Handler                          0x080009a4   Section        0  main.o(i.Error_Handler)
    i.HAL_ADC_ConfigChannel                  0x080009a8   Section        0  stm32f2xx_hal_adc.o(i.HAL_ADC_ConfigChannel)
    i.HAL_ADC_Init                           0x08000b3c   Section        0  stm32f2xx_hal_adc.o(i.HAL_ADC_Init)
    i.HAL_ADC_MspInit                        0x08000ba4   Section        0  stm32f2xx_hal_msp.o(i.HAL_ADC_MspInit)
    i.HAL_CAN_ActivateNotification           0x08000c24   Section        0  stm32f2xx_hal_can.o(i.HAL_CAN_ActivateNotification)
    i.HAL_CAN_ConfigFilter                   0x08000c50   Section        0  stm32f2xx_hal_can.o(i.HAL_CAN_ConfigFilter)
    i.HAL_CAN_ErrorCallback                  0x08000d74   Section        0  stm32f2xx_hal_can.o(i.HAL_CAN_ErrorCallback)
    i.HAL_CAN_GetRxMessage                   0x08000d76   Section        0  stm32f2xx_hal_can.o(i.HAL_CAN_GetRxMessage)
    i.HAL_CAN_IRQHandler                     0x08000ef0   Section        0  stm32f2xx_hal_can.o(i.HAL_CAN_IRQHandler)
    i.HAL_CAN_Init                           0x0800113e   Section        0  stm32f2xx_hal_can.o(i.HAL_CAN_Init)
    i.HAL_CAN_MspInit                        0x080012b4   Section        0  stm32f2xx_hal_msp.o(i.HAL_CAN_MspInit)
    i.HAL_CAN_RxFifo0FullCallback            0x0800134c   Section        0  stm32f2xx_hal_can.o(i.HAL_CAN_RxFifo0FullCallback)
    i.HAL_CAN_RxFifo0MsgPendingCallback      0x08001350   Section        0  main.o(i.HAL_CAN_RxFifo0MsgPendingCallback)
    i.HAL_CAN_RxFifo1FullCallback            0x080013d0   Section        0  stm32f2xx_hal_can.o(i.HAL_CAN_RxFifo1FullCallback)
    i.HAL_CAN_RxFifo1MsgPendingCallback      0x080013d2   Section        0  stm32f2xx_hal_can.o(i.HAL_CAN_RxFifo1MsgPendingCallback)
    i.HAL_CAN_SleepCallback                  0x080013d4   Section        0  stm32f2xx_hal_can.o(i.HAL_CAN_SleepCallback)
    i.HAL_CAN_Start                          0x080013d6   Section        0  stm32f2xx_hal_can.o(i.HAL_CAN_Start)
    i.HAL_CAN_TxMailbox0AbortCallback        0x08001434   Section        0  stm32f2xx_hal_can.o(i.HAL_CAN_TxMailbox0AbortCallback)
    i.HAL_CAN_TxMailbox0CompleteCallback     0x08001436   Section        0  stm32f2xx_hal_can.o(i.HAL_CAN_TxMailbox0CompleteCallback)
    i.HAL_CAN_TxMailbox1AbortCallback        0x08001438   Section        0  stm32f2xx_hal_can.o(i.HAL_CAN_TxMailbox1AbortCallback)
    i.HAL_CAN_TxMailbox1CompleteCallback     0x0800143a   Section        0  stm32f2xx_hal_can.o(i.HAL_CAN_TxMailbox1CompleteCallback)
    i.HAL_CAN_TxMailbox2AbortCallback        0x0800143c   Section        0  stm32f2xx_hal_can.o(i.HAL_CAN_TxMailbox2AbortCallback)
    i.HAL_CAN_TxMailbox2CompleteCallback     0x0800143e   Section        0  stm32f2xx_hal_can.o(i.HAL_CAN_TxMailbox2CompleteCallback)
    i.HAL_CAN_WakeUpFromRxMsgCallback        0x08001440   Section        0  stm32f2xx_hal_can.o(i.HAL_CAN_WakeUpFromRxMsgCallback)
    i.HAL_Delay                              0x08001444   Section        0  stm32f2xx_hal.o(i.HAL_Delay)
    i.HAL_GPIO_EXTI_Callback                 0x0800146c   Section        0  main.o(i.HAL_GPIO_EXTI_Callback)
    i.HAL_GPIO_EXTI_IRQHandler               0x08001478   Section        0  stm32f2xx_hal_gpio.o(i.HAL_GPIO_EXTI_IRQHandler)
    i.HAL_GPIO_Init                          0x08001494   Section        0  stm32f2xx_hal_gpio.o(i.HAL_GPIO_Init)
    i.HAL_GPIO_WritePin                      0x0800169c   Section        0  stm32f2xx_hal_gpio.o(i.HAL_GPIO_WritePin)
    i.HAL_GetTick                            0x080016a8   Section        0  stm32f2xx_hal.o(i.HAL_GetTick)
    i.HAL_IncTick                            0x080016b4   Section        0  stm32f2xx_hal.o(i.HAL_IncTick)
    i.HAL_Init                               0x080016cc   Section        0  stm32f2xx_hal.o(i.HAL_Init)
    i.HAL_InitTick                           0x08001708   Section        0  stm32f2xx_hal.o(i.HAL_InitTick)
    i.HAL_MspInit                            0x08001754   Section        0  stm32f2xx_hal_msp.o(i.HAL_MspInit)
    i.HAL_NVIC_EnableIRQ                     0x0800179c   Section        0  stm32f2xx_hal_cortex.o(i.HAL_NVIC_EnableIRQ)
    i.HAL_NVIC_SetPriority                   0x080017bc   Section        0  stm32f2xx_hal_cortex.o(i.HAL_NVIC_SetPriority)
    i.HAL_NVIC_SetPriorityGrouping           0x08001838   Section        0  stm32f2xx_hal_cortex.o(i.HAL_NVIC_SetPriorityGrouping)
    i.HAL_RCC_ClockConfig                    0x08001860   Section        0  stm32f2xx_hal_rcc.o(i.HAL_RCC_ClockConfig)
    i.HAL_RCC_GetHCLKFreq                    0x080019ec   Section        0  stm32f2xx_hal_rcc.o(i.HAL_RCC_GetHCLKFreq)
    i.HAL_RCC_GetPCLK1Freq                   0x080019f8   Section        0  stm32f2xx_hal_rcc.o(i.HAL_RCC_GetPCLK1Freq)
    i.HAL_RCC_GetPCLK2Freq                   0x08001a24   Section        0  stm32f2xx_hal_rcc.o(i.HAL_RCC_GetPCLK2Freq)
    i.HAL_RCC_GetSysClockFreq                0x08001a50   Section        0  stm32f2xx_hal_rcc.o(i.HAL_RCC_GetSysClockFreq)
    i.HAL_RCC_OscConfig                      0x08001b00   Section        0  stm32f2xx_hal_rcc.o(i.HAL_RCC_OscConfig)
    i.HAL_SPI_Init                           0x08001f1a   Section        0  stm32f2xx_hal_spi.o(i.HAL_SPI_Init)
    i.HAL_SPI_MspInit                        0x08001fa8   Section        0  stm32f2xx_hal_msp.o(i.HAL_SPI_MspInit)
    i.HAL_SPI_Receive                        0x08002030   Section        0  stm32f2xx_hal_spi.o(i.HAL_SPI_Receive)
    i.HAL_SPI_T_R_Burst                      0x08002194   Section        0  main.o(i.HAL_SPI_T_R_Burst)
    i.HAL_SPI_Transmit                       0x080021e8   Section        0  stm32f2xx_hal_spi.o(i.HAL_SPI_Transmit)
    i.HAL_SPI_TransmitReceive                0x0800238a   Section        0  stm32f2xx_hal_spi.o(i.HAL_SPI_TransmitReceive)
    i.HAL_SYSTICK_Config                     0x080025b4   Section        0  stm32f2xx_hal_cortex.o(i.HAL_SYSTICK_Config)
    i.HAL_UART_Init                          0x080025e8   Section        0  stm32f2xx_hal_uart.o(i.HAL_UART_Init)
    i.HAL_UART_MspInit                       0x0800265c   Section        0  stm32f2xx_hal_msp.o(i.HAL_UART_MspInit)
    i.HAL_UART_Transmit                      0x080026e4   Section        0  stm32f2xx_hal_uart.o(i.HAL_UART_Transmit)
    i.HardFault_Handler                      0x080027ba   Section        0  stm32f2xx_it.o(i.HardFault_Handler)
    i.MX_ADC1_Init                           0x080027c0   Section        0  main.o(i.MX_ADC1_Init)
    MX_ADC1_Init                             0x080027c1   Thumb Code    92  main.o(i.MX_ADC1_Init)
    i.MX_CAN1_Init                           0x08002828   Section        0  main.o(i.MX_CAN1_Init)
    MX_CAN1_Init                             0x08002829   Thumb Code    58  main.o(i.MX_CAN1_Init)
    i.MX_GPIO_Init                           0x0800286c   Section        0  main.o(i.MX_GPIO_Init)
    MX_GPIO_Init                             0x0800286d   Thumb Code   236  main.o(i.MX_GPIO_Init)
    i.MX_SPI1_Init                           0x0800296c   Section        0  main.o(i.MX_SPI1_Init)
    MX_SPI1_Init                             0x0800296d   Thumb Code    62  main.o(i.MX_SPI1_Init)
    i.MX_USART1_UART_Init                    0x080029b4   Section        0  main.o(i.MX_USART1_UART_Init)
    MX_USART1_UART_Init                      0x080029b5   Thumb Code    46  main.o(i.MX_USART1_UART_Init)
    i.MemManage_Handler                      0x080029ec   Section        0  stm32f2xx_it.o(i.MemManage_Handler)
    i.NMI_Handler                            0x080029f0   Section        0  stm32f2xx_it.o(i.NMI_Handler)
    i.PendSV_Handler                         0x080029f2   Section        0  stm32f2xx_it.o(i.PendSV_Handler)
    i.SPI_EndRxTransaction                   0x080029f4   Section        0  stm32f2xx_hal_spi.o(i.SPI_EndRxTransaction)
    SPI_EndRxTransaction                     0x080029f5   Thumb Code    76  stm32f2xx_hal_spi.o(i.SPI_EndRxTransaction)
    i.SPI_EndRxTxTransaction                 0x08002a40   Section        0  stm32f2xx_hal_spi.o(i.SPI_EndRxTxTransaction)
    SPI_EndRxTxTransaction                   0x08002a41   Thumb Code    40  stm32f2xx_hal_spi.o(i.SPI_EndRxTxTransaction)
    i.SPI_WaitFlagStateUntilTimeout          0x08002a68   Section        0  stm32f2xx_hal_spi.o(i.SPI_WaitFlagStateUntilTimeout)
    SPI_WaitFlagStateUntilTimeout            0x08002a69   Thumb Code   168  stm32f2xx_hal_spi.o(i.SPI_WaitFlagStateUntilTimeout)
    i.SVC_Handler                            0x08002b10   Section        0  stm32f2xx_it.o(i.SVC_Handler)
    i.SysTick_Handler                        0x08002b12   Section        0  stm32f2xx_it.o(i.SysTick_Handler)
    i.SystemClock_Config                     0x08002b1a   Section        0  main.o(i.SystemClock_Config)
    i.SystemInit                             0x08002b88   Section        0  system_stm32f2xx.o(i.SystemInit)
    i.UART_SetConfig                         0x08002bdc   Section        0  stm32f2xx_hal_uart.o(i.UART_SetConfig)
    UART_SetConfig                           0x08002bdd   Thumb Code   796  stm32f2xx_hal_uart.o(i.UART_SetConfig)
    i.UART_WaitOnFlagUntilTimeout            0x08002f00   Section        0  stm32f2xx_hal_uart.o(i.UART_WaitOnFlagUntilTimeout)
    UART_WaitOnFlagUntilTimeout              0x08002f01   Thumb Code   108  stm32f2xx_hal_uart.o(i.UART_WaitOnFlagUntilTimeout)
    i.UsageFault_Handler                     0x08002f6c   Section        0  stm32f2xx_it.o(i.UsageFault_Handler)
    i.__0printf                              0x08002f70   Section        0  printfa.o(i.__0printf)
    i.__NVIC_GetPriorityGrouping             0x08002f90   Section        0  stm32f2xx_hal_cortex.o(i.__NVIC_GetPriorityGrouping)
    __NVIC_GetPriorityGrouping               0x08002f91   Thumb Code    10  stm32f2xx_hal_cortex.o(i.__NVIC_GetPriorityGrouping)
    i.__NVIC_SetPriority                     0x08002fa0   Section        0  stm32f2xx_hal_cortex.o(i.__NVIC_SetPriority)
    __NVIC_SetPriority                       0x08002fa1   Thumb Code    32  stm32f2xx_hal_cortex.o(i.__NVIC_SetPriority)
    i.__scatterload_copy                     0x08002fc8   Section       14  handlers.o(i.__scatterload_copy)
    i.__scatterload_null                     0x08002fd6   Section        2  handlers.o(i.__scatterload_null)
    i.__scatterload_zeroinit                 0x08002fd8   Section       14  handlers.o(i.__scatterload_zeroinit)
    i._fp_digits                             0x08002fe8   Section        0  printfa.o(i._fp_digits)
    _fp_digits                               0x08002fe9   Thumb Code   334  printfa.o(i._fp_digits)
    i._printf_core                           0x0800314c   Section        0  printfa.o(i._printf_core)
    _printf_core                             0x0800314d   Thumb Code  1744  printfa.o(i._printf_core)
    i._printf_post_padding                   0x08003828   Section        0  printfa.o(i._printf_post_padding)
    _printf_post_padding                     0x08003829   Thumb Code    36  printfa.o(i._printf_post_padding)
    i._printf_pre_padding                    0x0800384c   Section        0  printfa.o(i._printf_pre_padding)
    _printf_pre_padding                      0x0800384d   Thumb Code    46  printfa.o(i._printf_pre_padding)
    i.fputc                                  0x0800387c   Section        0  main.o(i.fputc)
    i.main                                   0x08003898   Section        0  main.o(i.main)
    i.malloc                                 0x08003ab4   Section        0  malloc.o(i.malloc)
    i.vApp_CAN_Configuration                 0x08003b20   Section        0  main.o(i.vApp_CAN_Configuration)
    i.vApp_CAN_Filter_Init                   0x08003b9c   Section        0  main.o(i.vApp_CAN_Filter_Init)
    i.vApp_CAN_TxHeader_Init                 0x08003be2   Section        0  main.o(i.vApp_CAN_TxHeader_Init)
    i.vApp_User_CAN_Configuration            0x08003bf8   Section        0  main.o(i.vApp_User_CAN_Configuration)
    .constdata                               0x08003c3c   Section       24  system_stm32f2xx.o(.constdata)
    .data                                    0x20000000   Section       10  main.o(.data)
    .data                                    0x2000000c   Section        9  stm32f2xx_hal.o(.data)
    .data                                    0x20000018   Section        4  system_stm32f2xx.o(.data)
    .data                                    0x2000001c   Section        4  stdout.o(.data)
    .data                                    0x20000020   Section        4  mvars.o(.data)
    .data                                    0x20000024   Section        4  mvars.o(.data)
    .bss                                     0x20000028   Section      356  main.o(.bss)
    HEAP                                     0x20000190   Section      512  startup_stm32f205xx.o(HEAP)
    STACK                                    0x20000390   Section     1024  startup_stm32f205xx.o(STACK)

    Global Symbols

    Symbol Name                              Value     Ov Type        Size  Object(Section)

    BuildAttributes$$THM_ISAv4$P$D$K$B$S$PE$A:L22UL41UL21$X:L11$S22US41US21$IEEE1$IW$USESV6$~STKCKD$USESV7$~SHL$OTIME$ROPI$EBA8$MICROLIB$REQ8$PRES8$EABIv2 0x00000000   Number         0  anon$$obj.o ABSOLUTE
    __ARM_use_no_argv                        0x00000000   Number         0  main.o ABSOLUTE
    _printf_a                                0x00000000   Number         0  stubs.o ABSOLUTE
    _printf_c                                0x00000000   Number         0  stubs.o ABSOLUTE
    _printf_charcount                        0x00000000   Number         0  stubs.o ABSOLUTE
    _printf_d                                0x00000000   Number         0  stubs.o ABSOLUTE
    _printf_e                                0x00000000   Number         0  stubs.o ABSOLUTE
    _printf_f                                0x00000000   Number         0  stubs.o ABSOLUTE
    _printf_flags                            0x00000000   Number         0  stubs.o ABSOLUTE
    _printf_fp_dec                           0x00000000   Number         0  stubs.o ABSOLUTE
    _printf_fp_hex                           0x00000000   Number         0  stubs.o ABSOLUTE
    _printf_g                                0x00000000   Number         0  stubs.o ABSOLUTE
    _printf_i                                0x00000000   Number         0  stubs.o ABSOLUTE
    _printf_int_dec                          0x00000000   Number         0  stubs.o ABSOLUTE
    _printf_l                                0x00000000   Number         0  stubs.o ABSOLUTE
    _printf_lc                               0x00000000   Number         0  stubs.o ABSOLUTE
    _printf_ll                               0x00000000   Number         0  stubs.o ABSOLUTE
    _printf_lld                              0x00000000   Number         0  stubs.o ABSOLUTE
    _printf_lli                              0x00000000   Number         0  stubs.o ABSOLUTE
    _printf_llo                              0x00000000   Number         0  stubs.o ABSOLUTE
    _printf_llu                              0x00000000   Number         0  stubs.o ABSOLUTE
    _printf_llx                              0x00000000   Number         0  stubs.o ABSOLUTE
    _printf_longlong_dec                     0x00000000   Number         0  stubs.o ABSOLUTE
    _printf_longlong_hex                     0x00000000   Number         0  stubs.o ABSOLUTE
    _printf_longlong_oct                     0x00000000   Number         0  stubs.o ABSOLUTE
    _printf_ls                               0x00000000   Number         0  stubs.o ABSOLUTE
    _printf_mbtowc                           0x00000000   Number         0  stubs.o ABSOLUTE
    _printf_n                                0x00000000   Number         0  stubs.o ABSOLUTE
    _printf_o                                0x00000000   Number         0  stubs.o ABSOLUTE
    _printf_p                                0x00000000   Number         0  stubs.o ABSOLUTE
    _printf_percent                          0x00000000   Number         0  stubs.o ABSOLUTE
    _printf_pre_padding                      0x00000000   Number         0  stubs.o ABSOLUTE
    _printf_return_value                     0x00000000   Number         0  stubs.o ABSOLUTE
    _printf_s                                0x00000000   Number         0  stubs.o ABSOLUTE
    _printf_sizespec                         0x00000000   Number         0  stubs.o ABSOLUTE
    _printf_str                              0x00000000   Number         0  stubs.o ABSOLUTE
    _printf_truncate_signed                  0x00000000   Number         0  stubs.o ABSOLUTE
    _printf_truncate_unsigned                0x00000000   Number         0  stubs.o ABSOLUTE
    _printf_u                                0x00000000   Number         0  stubs.o ABSOLUTE
    _printf_wc                               0x00000000   Number         0  stubs.o ABSOLUTE
    _printf_wctomb                           0x00000000   Number         0  stubs.o ABSOLUTE
    _printf_widthprec                        0x00000000   Number         0  stubs.o ABSOLUTE
    _printf_x                                0x00000000   Number         0  stubs.o ABSOLUTE
    __cpp_initialize__aeabi_                  - Undefined Weak Reference
    __cxa_finalize                            - Undefined Weak Reference
    __decompress                              - Undefined Weak Reference
    _clock_init                               - Undefined Weak Reference
    _microlib_exit                            - Undefined Weak Reference
    __Vectors_Size                           0x00000184   Number         0  startup_stm32f205xx.o ABSOLUTE
    __Vectors                                0x08000000   Data           4  startup_stm32f205xx.o(RESET)
    __Vectors_End                            0x08000184   Data           0  startup_stm32f205xx.o(RESET)
    __main                                   0x08000185   Thumb Code     0  entry.o(.ARM.Collect$$$$00000000)
    _main_stk                                0x08000185   Thumb Code     0  entry2.o(.ARM.Collect$$$$00000001)
    _main_scatterload                        0x08000189   Thumb Code     0  entry5.o(.ARM.Collect$$$$00000004)
    __main_after_scatterload                 0x0800018d   Thumb Code     0  entry5.o(.ARM.Collect$$$$00000004)
    _main_clock                              0x0800018d   Thumb Code     0  entry7b.o(.ARM.Collect$$$$00000008)
    _main_cpp_init                           0x0800018d   Thumb Code     0  entry8b.o(.ARM.Collect$$$$0000000A)
    _main_init                               0x0800018d   Thumb Code     0  entry9a.o(.ARM.Collect$$$$0000000B)
    __rt_final_cpp                           0x08000195   Thumb Code     0  entry10a.o(.ARM.Collect$$$$0000000D)
    __rt_final_exit                          0x08000195   Thumb Code     0  entry11a.o(.ARM.Collect$$$$0000000F)
    Reset_Handler                            0x08000199   Thumb Code     8  startup_stm32f205xx.o(.text)
    ADC_IRQHandler                           0x080001b3   Thumb Code     0  startup_stm32f205xx.o(.text)
    CAN1_RX1_IRQHandler                      0x080001b3   Thumb Code     0  startup_stm32f205xx.o(.text)
    CAN1_SCE_IRQHandler                      0x080001b3   Thumb Code     0  startup_stm32f205xx.o(.text)
    CAN1_TX_IRQHandler                       0x080001b3   Thumb Code     0  startup_stm32f205xx.o(.text)
    CAN2_RX0_IRQHandler                      0x080001b3   Thumb Code     0  startup_stm32f205xx.o(.text)
    CAN2_RX1_IRQHandler                      0x080001b3   Thumb Code     0  startup_stm32f205xx.o(.text)
    CAN2_SCE_IRQHandler                      0x080001b3   Thumb Code     0  startup_stm32f205xx.o(.text)
    CAN2_TX_IRQHandler                       0x080001b3   Thumb Code     0  startup_stm32f205xx.o(.text)
    DMA1_Stream0_IRQHandler                  0x080001b3   Thumb Code     0  startup_stm32f205xx.o(.text)
    DMA1_Stream1_IRQHandler                  0x080001b3   Thumb Code     0  startup_stm32f205xx.o(.text)
    DMA1_Stream2_IRQHandler                  0x080001b3   Thumb Code     0  startup_stm32f205xx.o(.text)
    DMA1_Stream3_IRQHandler                  0x080001b3   Thumb Code     0  startup_stm32f205xx.o(.text)
    DMA1_Stream4_IRQHandler                  0x080001b3   Thumb Code     0  startup_stm32f205xx.o(.text)
    DMA1_Stream5_IRQHandler                  0x080001b3   Thumb Code     0  startup_stm32f205xx.o(.text)
    DMA1_Stream6_IRQHandler                  0x080001b3   Thumb Code     0  startup_stm32f205xx.o(.text)
    DMA1_Stream7_IRQHandler                  0x080001b3   Thumb Code     0  startup_stm32f205xx.o(.text)
    DMA2_Stream0_IRQHandler                  0x080001b3   Thumb Code     0  startup_stm32f205xx.o(.text)
    DMA2_Stream1_IRQHandler                  0x080001b3   Thumb Code     0  startup_stm32f205xx.o(.text)
    DMA2_Stream2_IRQHandler                  0x080001b3   Thumb Code     0  startup_stm32f205xx.o(.text)
    DMA2_Stream3_IRQHandler                  0x080001b3   Thumb Code     0  startup_stm32f205xx.o(.text)
    DMA2_Stream4_IRQHandler                  0x080001b3   Thumb Code     0  startup_stm32f205xx.o(.text)
    DMA2_Stream5_IRQHandler                  0x080001b3   Thumb Code     0  startup_stm32f205xx.o(.text)
    DMA2_Stream6_IRQHandler                  0x080001b3   Thumb Code     0  startup_stm32f205xx.o(.text)
    DMA2_Stream7_IRQHandler                  0x080001b3   Thumb Code     0  startup_stm32f205xx.o(.text)
    EXTI0_IRQHandler                         0x080001b3   Thumb Code     0  startup_stm32f205xx.o(.text)
    EXTI15_10_IRQHandler                     0x080001b3   Thumb Code     0  startup_stm32f205xx.o(.text)
    EXTI1_IRQHandler                         0x080001b3   Thumb Code     0  startup_stm32f205xx.o(.text)
    EXTI2_IRQHandler                         0x080001b3   Thumb Code     0  startup_stm32f205xx.o(.text)
    EXTI4_IRQHandler                         0x080001b3   Thumb Code     0  startup_stm32f205xx.o(.text)
    EXTI9_5_IRQHandler                       0x080001b3   Thumb Code     0  startup_stm32f205xx.o(.text)
    FLASH_IRQHandler                         0x080001b3   Thumb Code     0  startup_stm32f205xx.o(.text)
    FSMC_IRQHandler                          0x080001b3   Thumb Code     0  startup_stm32f205xx.o(.text)
    HASH_RNG_IRQHandler                      0x080001b3   Thumb Code     0  startup_stm32f205xx.o(.text)
    I2C1_ER_IRQHandler                       0x080001b3   Thumb Code     0  startup_stm32f205xx.o(.text)
    I2C1_EV_IRQHandler                       0x080001b3   Thumb Code     0  startup_stm32f205xx.o(.text)
    I2C2_ER_IRQHandler                       0x080001b3   Thumb Code     0  startup_stm32f205xx.o(.text)
    I2C2_EV_IRQHandler                       0x080001b3   Thumb Code     0  startup_stm32f205xx.o(.text)
    I2C3_ER_IRQHandler                       0x080001b3   Thumb Code     0  startup_stm32f205xx.o(.text)
    I2C3_EV_IRQHandler                       0x080001b3   Thumb Code     0  startup_stm32f205xx.o(.text)
    OTG_FS_IRQHandler                        0x080001b3   Thumb Code     0  startup_stm32f205xx.o(.text)
    OTG_FS_WKUP_IRQHandler                   0x080001b3   Thumb Code     0  startup_stm32f205xx.o(.text)
    OTG_HS_EP1_IN_IRQHandler                 0x080001b3   Thumb Code     0  startup_stm32f205xx.o(.text)
    OTG_HS_EP1_OUT_IRQHandler                0x080001b3   Thumb Code     0  startup_stm32f205xx.o(.text)
    OTG_HS_IRQHandler                        0x080001b3   Thumb Code     0  startup_stm32f205xx.o(.text)
    OTG_HS_WKUP_IRQHandler                   0x080001b3   Thumb Code     0  startup_stm32f205xx.o(.text)
    PVD_IRQHandler                           0x080001b3   Thumb Code     0  startup_stm32f205xx.o(.text)
    RCC_IRQHandler                           0x080001b3   Thumb Code     0  startup_stm32f205xx.o(.text)
    RTC_Alarm_IRQHandler                     0x080001b3   Thumb Code     0  startup_stm32f205xx.o(.text)
    RTC_WKUP_IRQHandler                      0x080001b3   Thumb Code     0  startup_stm32f205xx.o(.text)
    SDIO_IRQHandler                          0x080001b3   Thumb Code     0  startup_stm32f205xx.o(.text)
    SPI1_IRQHandler                          0x080001b3   Thumb Code     0  startup_stm32f205xx.o(.text)
    SPI2_IRQHandler                          0x080001b3   Thumb Code     0  startup_stm32f205xx.o(.text)
    SPI3_IRQHandler                          0x080001b3   Thumb Code     0  startup_stm32f205xx.o(.text)
    TAMP_STAMP_IRQHandler                    0x080001b3   Thumb Code     0  startup_stm32f205xx.o(.text)
    TIM1_BRK_TIM9_IRQHandler                 0x080001b3   Thumb Code     0  startup_stm32f205xx.o(.text)
    TIM1_CC_IRQHandler                       0x080001b3   Thumb Code     0  startup_stm32f205xx.o(.text)
    TIM1_TRG_COM_TIM11_IRQHandler            0x080001b3   Thumb Code     0  startup_stm32f205xx.o(.text)
    TIM1_UP_TIM10_IRQHandler                 0x080001b3   Thumb Code     0  startup_stm32f205xx.o(.text)
    TIM2_IRQHandler                          0x080001b3   Thumb Code     0  startup_stm32f205xx.o(.text)
    TIM3_IRQHandler                          0x080001b3   Thumb Code     0  startup_stm32f205xx.o(.text)
    TIM4_IRQHandler                          0x080001b3   Thumb Code     0  startup_stm32f205xx.o(.text)
    TIM5_IRQHandler                          0x080001b3   Thumb Code     0  startup_stm32f205xx.o(.text)
    TIM6_DAC_IRQHandler                      0x080001b3   Thumb Code     0  startup_stm32f205xx.o(.text)
    TIM7_IRQHandler                          0x080001b3   Thumb Code     0  startup_stm32f205xx.o(.text)
    TIM8_BRK_TIM12_IRQHandler                0x080001b3   Thumb Code     0  startup_stm32f205xx.o(.text)
    TIM8_CC_IRQHandler                       0x080001b3   Thumb Code     0  startup_stm32f205xx.o(.text)
    TIM8_TRG_COM_TIM14_IRQHandler            0x080001b3   Thumb Code     0  startup_stm32f205xx.o(.text)
    TIM8_UP_TIM13_IRQHandler                 0x080001b3   Thumb Code     0  startup_stm32f205xx.o(.text)
    UART4_IRQHandler                         0x080001b3   Thumb Code     0  startup_stm32f205xx.o(.text)
    UART5_IRQHandler                         0x080001b3   Thumb Code     0  startup_stm32f205xx.o(.text)
    USART1_IRQHandler                        0x080001b3   Thumb Code     0  startup_stm32f205xx.o(.text)
    USART2_IRQHandler                        0x080001b3   Thumb Code     0  startup_stm32f205xx.o(.text)
    USART3_IRQHandler                        0x080001b3   Thumb Code     0  startup_stm32f205xx.o(.text)
    USART6_IRQHandler                        0x080001b3   Thumb Code     0  startup_stm32f205xx.o(.text)
    WWDG_IRQHandler                          0x080001b3   Thumb Code     0  startup_stm32f205xx.o(.text)
    __aeabi_uldivmod                         0x080001bd   Thumb Code    98  uldiv.o(.text)
    __aeabi_memset                           0x0800021f   Thumb Code    14  memseta.o(.text)
    __aeabi_memset4                          0x0800021f   Thumb Code     0  memseta.o(.text)
    __aeabi_memset8                          0x0800021f   Thumb Code     0  memseta.o(.text)
    __aeabi_memclr                           0x0800022d   Thumb Code     4  memseta.o(.text)
    __aeabi_memclr4                          0x0800022d   Thumb Code     0  memseta.o(.text)
    __aeabi_memclr8                          0x0800022d   Thumb Code     0  memseta.o(.text)
    _memset$wrapper                          0x08000231   Thumb Code    18  memseta.o(.text)
    __aeabi_ddiv                             0x08000243   Thumb Code   222  ddiv.o(.text)
    __aeabi_i2d                              0x08000321   Thumb Code    34  dflti.o(.text)
    __aeabi_f2d                              0x08000343   Thumb Code    38  f2d.o(.text)
    __aeabi_d2f                              0x08000369   Thumb Code    56  d2f.o(.text)
    __aeabi_uidiv                            0x080003a1   Thumb Code     0  uidiv.o(.text)
    __aeabi_uidivmod                         0x080003a1   Thumb Code    44  uidiv.o(.text)
    __aeabi_llsl                             0x080003cd   Thumb Code    30  llshl.o(.text)
    _ll_shift_l                              0x080003cd   Thumb Code     0  llshl.o(.text)
    __aeabi_llsr                             0x080003eb   Thumb Code    32  llushr.o(.text)
    _ll_ushift_r                             0x080003eb   Thumb Code     0  llushr.o(.text)
    __I$use$fp                               0x0800040b   Thumb Code     0  iusefp.o(.text)
    _float_round                             0x0800040b   Thumb Code    18  fepilogue.o(.text)
    _float_epilogue                          0x0800041d   Thumb Code    92  fepilogue.o(.text)
    _double_round                            0x08000479   Thumb Code    30  depilogue.o(.text)
    _double_epilogue                         0x08000497   Thumb Code   156  depilogue.o(.text)
    __aeabi_dadd                             0x08000533   Thumb Code   322  dadd.o(.text)
    __aeabi_dsub                             0x08000675   Thumb Code     6  dadd.o(.text)
    __aeabi_drsub                            0x0800067b   Thumb Code     6  dadd.o(.text)
    __aeabi_dmul                             0x08000681   Thumb Code   228  dmul.o(.text)
    __aeabi_d2ulz                            0x08000765   Thumb Code    48  dfixul.o(.text)
    __aeabi_cdrcmple                         0x08000795   Thumb Code    48  cdrcmple.o(.text)
    __scatterload                            0x080007c5   Thumb Code    28  init.o(.text)
    __scatterload_rt2                        0x080007c5   Thumb Code     0  init.o(.text)
    __aeabi_lasr                             0x080007e9   Thumb Code    36  llsshr.o(.text)
    _ll_sshift_r                             0x080007e9   Thumb Code     0  llsshr.o(.text)
    BusFault_Handler                         0x08000985   Thumb Code     4  stm32f2xx_it.o(i.BusFault_Handler)
    CAN1_RX0_IRQHandler                      0x08000989   Thumb Code    10  stm32f2xx_it.o(i.CAN1_RX0_IRQHandler)
    DebugMon_Handler                         0x08000999   Thumb Code     2  stm32f2xx_it.o(i.DebugMon_Handler)
    EXTI3_IRQHandler                         0x0800099b   Thumb Code    10  stm32f2xx_it.o(i.EXTI3_IRQHandler)
    Error_Handler                            0x080009a5   Thumb Code     2  main.o(i.Error_Handler)
    HAL_ADC_ConfigChannel                    0x080009a9   Thumb Code   386  stm32f2xx_hal_adc.o(i.HAL_ADC_ConfigChannel)
    HAL_ADC_Init                             0x08000b3d   Thumb Code   100  stm32f2xx_hal_adc.o(i.HAL_ADC_Init)
    HAL_ADC_MspInit                          0x08000ba5   Thumb Code   114  stm32f2xx_hal_msp.o(i.HAL_ADC_MspInit)
    HAL_CAN_ActivateNotification             0x08000c25   Thumb Code    42  stm32f2xx_hal_can.o(i.HAL_CAN_ActivateNotification)
    HAL_CAN_ConfigFilter                     0x08000c51   Thumb Code   286  stm32f2xx_hal_can.o(i.HAL_CAN_ConfigFilter)
    HAL_CAN_ErrorCallback                    0x08000d75   Thumb Code     2  stm32f2xx_hal_can.o(i.HAL_CAN_ErrorCallback)
    HAL_CAN_GetRxMessage                     0x08000d77   Thumb Code   378  stm32f2xx_hal_can.o(i.HAL_CAN_GetRxMessage)
    HAL_CAN_IRQHandler                       0x08000ef1   Thumb Code   590  stm32f2xx_hal_can.o(i.HAL_CAN_IRQHandler)
    HAL_CAN_Init                             0x0800113f   Thumb Code   372  stm32f2xx_hal_can.o(i.HAL_CAN_Init)
    HAL_CAN_MspInit                          0x080012b5   Thumb Code   140  stm32f2xx_hal_msp.o(i.HAL_CAN_MspInit)
    HAL_CAN_RxFifo0FullCallback              0x0800134d   Thumb Code     2  stm32f2xx_hal_can.o(i.HAL_CAN_RxFifo0FullCallback)
    HAL_CAN_RxFifo0MsgPendingCallback        0x08001351   Thumb Code    86  main.o(i.HAL_CAN_RxFifo0MsgPendingCallback)
    HAL_CAN_RxFifo1FullCallback              0x080013d1   Thumb Code     2  stm32f2xx_hal_can.o(i.HAL_CAN_RxFifo1FullCallback)
    HAL_CAN_RxFifo1MsgPendingCallback        0x080013d3   Thumb Code     2  stm32f2xx_hal_can.o(i.HAL_CAN_RxFifo1MsgPendingCallback)
    HAL_CAN_SleepCallback                    0x080013d5   Thumb Code     2  stm32f2xx_hal_can.o(i.HAL_CAN_SleepCallback)
    HAL_CAN_Start                            0x080013d7   Thumb Code    94  stm32f2xx_hal_can.o(i.HAL_CAN_Start)
    HAL_CAN_TxMailbox0AbortCallback          0x08001435   Thumb Code     2  stm32f2xx_hal_can.o(i.HAL_CAN_TxMailbox0AbortCallback)
    HAL_CAN_TxMailbox0CompleteCallback       0x08001437   Thumb Code     2  stm32f2xx_hal_can.o(i.HAL_CAN_TxMailbox0CompleteCallback)
    HAL_CAN_TxMailbox1AbortCallback          0x08001439   Thumb Code     2  stm32f2xx_hal_can.o(i.HAL_CAN_TxMailbox1AbortCallback)
    HAL_CAN_TxMailbox1CompleteCallback       0x0800143b   Thumb Code     2  stm32f2xx_hal_can.o(i.HAL_CAN_TxMailbox1CompleteCallback)
    HAL_CAN_TxMailbox2AbortCallback          0x0800143d   Thumb Code     2  stm32f2xx_hal_can.o(i.HAL_CAN_TxMailbox2AbortCallback)
    HAL_CAN_TxMailbox2CompleteCallback       0x0800143f   Thumb Code     2  stm32f2xx_hal_can.o(i.HAL_CAN_TxMailbox2CompleteCallback)
    HAL_CAN_WakeUpFromRxMsgCallback          0x08001441   Thumb Code     2  stm32f2xx_hal_can.o(i.HAL_CAN_WakeUpFromRxMsgCallback)
    HAL_Delay                                0x08001445   Thumb Code    34  stm32f2xx_hal.o(i.HAL_Delay)
    HAL_GPIO_EXTI_Callback                   0x0800146d   Thumb Code     8  main.o(i.HAL_GPIO_EXTI_Callback)
    HAL_GPIO_EXTI_IRQHandler                 0x08001479   Thumb Code    24  stm32f2xx_hal_gpio.o(i.HAL_GPIO_EXTI_IRQHandler)
    HAL_GPIO_Init                            0x08001495   Thumb Code   470  stm32f2xx_hal_gpio.o(i.HAL_GPIO_Init)
    HAL_GPIO_WritePin                        0x0800169d   Thumb Code    12  stm32f2xx_hal_gpio.o(i.HAL_GPIO_WritePin)
    HAL_GetTick                              0x080016a9   Thumb Code     6  stm32f2xx_hal.o(i.HAL_GetTick)
    HAL_IncTick                              0x080016b5   Thumb Code    16  stm32f2xx_hal.o(i.HAL_IncTick)
    HAL_Init                                 0x080016cd   Thumb Code    54  stm32f2xx_hal.o(i.HAL_Init)
    HAL_InitTick                             0x08001709   Thumb Code    64  stm32f2xx_hal.o(i.HAL_InitTick)
    HAL_MspInit                              0x08001755   Thumb Code    68  stm32f2xx_hal_msp.o(i.HAL_MspInit)
    HAL_NVIC_EnableIRQ                       0x0800179d   Thumb Code    32  stm32f2xx_hal_cortex.o(i.HAL_NVIC_EnableIRQ)
    HAL_NVIC_SetPriority                     0x080017bd   Thumb Code   124  stm32f2xx_hal_cortex.o(i.HAL_NVIC_SetPriority)
    HAL_NVIC_SetPriorityGrouping             0x08001839   Thumb Code    32  stm32f2xx_hal_cortex.o(i.HAL_NVIC_SetPriorityGrouping)
    HAL_RCC_ClockConfig                      0x08001861   Thumb Code   374  stm32f2xx_hal_rcc.o(i.HAL_RCC_ClockConfig)
    HAL_RCC_GetHCLKFreq                      0x080019ed   Thumb Code     6  stm32f2xx_hal_rcc.o(i.HAL_RCC_GetHCLKFreq)
    HAL_RCC_GetPCLK1Freq                     0x080019f9   Thumb Code    36  stm32f2xx_hal_rcc.o(i.HAL_RCC_GetPCLK1Freq)
    HAL_RCC_GetPCLK2Freq                     0x08001a25   Thumb Code    36  stm32f2xx_hal_rcc.o(i.HAL_RCC_GetPCLK2Freq)
    HAL_RCC_GetSysClockFreq                  0x08001a51   Thumb Code   162  stm32f2xx_hal_rcc.o(i.HAL_RCC_GetSysClockFreq)
    HAL_RCC_OscConfig                        0x08001b01   Thumb Code  1050  stm32f2xx_hal_rcc.o(i.HAL_RCC_OscConfig)
    HAL_SPI_Init                             0x08001f1b   Thumb Code   140  stm32f2xx_hal_spi.o(i.HAL_SPI_Init)
    HAL_SPI_MspInit                          0x08001fa9   Thumb Code   122  stm32f2xx_hal_msp.o(i.HAL_SPI_MspInit)
    HAL_SPI_Receive                          0x08002031   Thumb Code   356  stm32f2xx_hal_spi.o(i.HAL_SPI_Receive)
    HAL_SPI_T_R_Burst                        0x08002195   Thumb Code    74  main.o(i.HAL_SPI_T_R_Burst)
    HAL_SPI_Transmit                         0x080021e9   Thumb Code   418  stm32f2xx_hal_spi.o(i.HAL_SPI_Transmit)
    HAL_SPI_TransmitReceive                  0x0800238b   Thumb Code   554  stm32f2xx_hal_spi.o(i.HAL_SPI_TransmitReceive)
    HAL_SYSTICK_Config                       0x080025b5   Thumb Code    52  stm32f2xx_hal_cortex.o(i.HAL_SYSTICK_Config)
    HAL_UART_Init                            0x080025e9   Thumb Code   114  stm32f2xx_hal_uart.o(i.HAL_UART_Init)
    HAL_UART_MspInit                         0x0800265d   Thumb Code   122  stm32f2xx_hal_msp.o(i.HAL_UART_MspInit)
    HAL_UART_Transmit                        0x080026e5   Thumb Code   214  stm32f2xx_hal_uart.o(i.HAL_UART_Transmit)
    HardFault_Handler                        0x080027bb   Thumb Code     4  stm32f2xx_it.o(i.HardFault_Handler)
    MemManage_Handler                        0x080029ed   Thumb Code     4  stm32f2xx_it.o(i.MemManage_Handler)
    NMI_Handler                              0x080029f1   Thumb Code     2  stm32f2xx_it.o(i.NMI_Handler)
    PendSV_Handler                           0x080029f3   Thumb Code     2  stm32f2xx_it.o(i.PendSV_Handler)
    SVC_Handler                              0x08002b11   Thumb Code     2  stm32f2xx_it.o(i.SVC_Handler)
    SysTick_Handler                          0x08002b13   Thumb Code     8  stm32f2xx_it.o(i.SysTick_Handler)
    SystemClock_Config                       0x08002b1b   Thumb Code   110  main.o(i.SystemClock_Config)
    SystemInit                               0x08002b89   Thumb Code    68  system_stm32f2xx.o(i.SystemInit)
    UsageFault_Handler                       0x08002f6d   Thumb Code     4  stm32f2xx_it.o(i.UsageFault_Handler)
    __0printf                                0x08002f71   Thumb Code    22  printfa.o(i.__0printf)
    __1printf                                0x08002f71   Thumb Code     0  printfa.o(i.__0printf)
    __2printf                                0x08002f71   Thumb Code     0  printfa.o(i.__0printf)
    __c89printf                              0x08002f71   Thumb Code     0  printfa.o(i.__0printf)
    printf                                   0x08002f71   Thumb Code     0  printfa.o(i.__0printf)
    __scatterload_copy                       0x08002fc9   Thumb Code    14  handlers.o(i.__scatterload_copy)
    __scatterload_null                       0x08002fd7   Thumb Code     2  handlers.o(i.__scatterload_null)
    __scatterload_zeroinit                   0x08002fd9   Thumb Code    14  handlers.o(i.__scatterload_zeroinit)
    fputc                                    0x0800387d   Thumb Code    22  main.o(i.fputc)
    main                                     0x08003899   Thumb Code   472  main.o(i.main)
    malloc                                   0x08003ab5   Thumb Code    92  malloc.o(i.malloc)
    vApp_CAN_Configuration                   0x08003b21   Thumb Code   118  main.o(i.vApp_CAN_Configuration)
    vApp_CAN_Filter_Init                     0x08003b9d   Thumb Code    70  main.o(i.vApp_CAN_Filter_Init)
    vApp_CAN_TxHeader_Init                   0x08003be3   Thumb Code    22  main.o(i.vApp_CAN_TxHeader_Init)
    vApp_User_CAN_Configuration              0x08003bf9   Thumb Code    54  main.o(i.vApp_User_CAN_Configuration)
    AHBPrescTable                            0x08003c3c   Data          16  system_stm32f2xx.o(.constdata)
    APBPrescTable                            0x08003c4c   Data           8  system_stm32f2xx.o(.constdata)
    Region$$Table$$Base                      0x08003c54   Number         0  anon$$obj.o(Region$$Table)
    Region$$Table$$Limit                     0x08003c74   Number         0  anon$$obj.o(Region$$Table)
    test2                                    0x20000000   Data           1  main.o(.data)
    g_trg                                    0x20000001   Data           1  main.o(.data)
    g_count                                  0x20000004   Data           4  main.o(.data)
    g_count_mlbuffer                         0x20000008   Data           2  main.o(.data)
    uwTick                                   0x2000000c   Data           4  stm32f2xx_hal.o(.data)
    uwTickPrio                               0x20000010   Data           4  stm32f2xx_hal.o(.data)
    uwTickFreq                               0x20000014   Data           1  stm32f2xx_hal.o(.data)
    SystemCoreClock                          0x20000018   Data           4  system_stm32f2xx.o(.data)
    __stdout                                 0x2000001c   Data           4  stdout.o(.data)
    __microlib_freelist                      0x20000020   Data           4  mvars.o(.data)
    __microlib_freelist_initialised          0x20000024   Data           4  mvars.o(.data)
    hCAN1_TxHeader                           0x20000028   Data          24  main.o(.bss)
    hCAN1_RxHeader                           0x20000040   Data          28  main.o(.bss)
    hCAN1_Filter                             0x2000005c   Data          40  main.o(.bss)
    hadc1                                    0x20000084   Data          72  main.o(.bss)
    hcan1                                    0x200000cc   Data          40  main.o(.bss)
    hspi1                                    0x200000f4   Data          88  main.o(.bss)
    huart1                                   0x2000014c   Data          64  main.o(.bss)
    __heap_base                              0x20000190   Data           0  startup_stm32f205xx.o(HEAP)
    __heap_limit                             0x20000390   Data           0  startup_stm32f205xx.o(HEAP)
    __initial_sp                             0x20000790   Data           0  startup_stm32f205xx.o(STACK)



==============================================================================

Memory Map of the image

  Image Entry point : 0x08000185

  Load Region LR_IROM1 (Base: 0x08000000, Size: 0x00003c9c, Max: 0x00020000, ABSOLUTE)

    Execution Region ER_IROM1 (Base: 0x08000000, Size: 0x00003c74, Max: 0x00020000, ABSOLUTE)

    Base Addr    Size         Type   Attr      Idx    E Section Name        Object

    0x08000000   0x00000184   Data   RO            3    RESET               startup_stm32f205xx.o
    0x08000184   0x00000000   Code   RO         2909  * .ARM.Collect$$$$00000000  mc_w.l(entry.o)
    0x08000184   0x00000004   Code   RO         3217    .ARM.Collect$$$$00000001  mc_w.l(entry2.o)
    0x08000188   0x00000004   Code   RO         3220    .ARM.Collect$$$$00000004  mc_w.l(entry5.o)
    0x0800018c   0x00000000   Code   RO         3222    .ARM.Collect$$$$00000008  mc_w.l(entry7b.o)
    0x0800018c   0x00000000   Code   RO         3224    .ARM.Collect$$$$0000000A  mc_w.l(entry8b.o)
    0x0800018c   0x00000008   Code   RO         3225    .ARM.Collect$$$$0000000B  mc_w.l(entry9a.o)
    0x08000194   0x00000000   Code   RO         3227    .ARM.Collect$$$$0000000D  mc_w.l(entry10a.o)
    0x08000194   0x00000000   Code   RO         3229    .ARM.Collect$$$$0000000F  mc_w.l(entry11a.o)
    0x08000194   0x00000004   Code   RO         3218    .ARM.Collect$$$$00002712  mc_w.l(entry2.o)
    0x08000198   0x00000024   Code   RO            4    .text               startup_stm32f205xx.o
    0x080001bc   0x00000062   Code   RO         2912    .text               mc_w.l(uldiv.o)
    0x0800021e   0x00000024   Code   RO         2914    .text               mc_w.l(memseta.o)
    0x08000242   0x000000de   Code   RO         3205    .text               mf_w.l(ddiv.o)
    0x08000320   0x00000022   Code   RO         3209    .text               mf_w.l(dflti.o)
    0x08000342   0x00000026   Code   RO         3213    .text               mf_w.l(f2d.o)
    0x08000368   0x00000038   Code   RO         3215    .text               mf_w.l(d2f.o)
    0x080003a0   0x0000002c   Code   RO         3232    .text               mc_w.l(uidiv.o)
    0x080003cc   0x0000001e   Code   RO         3234    .text               mc_w.l(llshl.o)
    0x080003ea   0x00000020   Code   RO         3236    .text               mc_w.l(llushr.o)
    0x0800040a   0x00000000   Code   RO         3244    .text               mc_w.l(iusefp.o)
    0x0800040a   0x0000006e   Code   RO         3245    .text               mf_w.l(fepilogue.o)
    0x08000478   0x000000ba   Code   RO         3247    .text               mf_w.l(depilogue.o)
    0x08000532   0x0000014e   Code   RO         3249    .text               mf_w.l(dadd.o)
    0x08000680   0x000000e4   Code   RO         3251    .text               mf_w.l(dmul.o)
    0x08000764   0x00000030   Code   RO         3253    .text               mf_w.l(dfixul.o)
    0x08000794   0x00000030   Code   RO         3255    .text               mf_w.l(cdrcmple.o)
    0x080007c4   0x00000024   Code   RO         3257    .text               mc_w.l(init.o)
    0x080007e8   0x00000024   Code   RO         3259    .text               mc_w.l(llsshr.o)
    0x0800080c   0x00000178   Code   RO          552    i.ADC_Init          stm32f2xx_hal_adc.o
    0x08000984   0x00000004   Code   RO          389    i.BusFault_Handler  stm32f2xx_it.o
    0x08000988   0x00000010   Code   RO          390    i.CAN1_RX0_IRQHandler  stm32f2xx_it.o
    0x08000998   0x00000002   Code   RO          391    i.DebugMon_Handler  stm32f2xx_it.o
    0x0800099a   0x0000000a   Code   RO          392    i.EXTI3_IRQHandler  stm32f2xx_it.o
    0x080009a4   0x00000002   Code   RO           13    i.Error_Handler     main.o
    0x080009a6   0x00000002   PAD
    0x080009a8   0x00000194   Code   RO          554    i.HAL_ADC_ConfigChannel  stm32f2xx_hal_adc.o
    0x08000b3c   0x00000068   Code   RO          563    i.HAL_ADC_Init      stm32f2xx_hal_adc.o
    0x08000ba4   0x00000080   Code   RO          478    i.HAL_ADC_MspInit   stm32f2xx_hal_msp.o
    0x08000c24   0x0000002a   Code   RO          825    i.HAL_CAN_ActivateNotification  stm32f2xx_hal_can.o
    0x08000c4e   0x00000002   PAD
    0x08000c50   0x00000124   Code   RO          827    i.HAL_CAN_ConfigFilter  stm32f2xx_hal_can.o
    0x08000d74   0x00000002   Code   RO          830    i.HAL_CAN_ErrorCallback  stm32f2xx_hal_can.o
    0x08000d76   0x0000017a   Code   RO          833    i.HAL_CAN_GetRxMessage  stm32f2xx_hal_can.o
    0x08000ef0   0x0000024e   Code   RO          837    i.HAL_CAN_IRQHandler  stm32f2xx_hal_can.o
    0x0800113e   0x00000174   Code   RO          838    i.HAL_CAN_Init      stm32f2xx_hal_can.o
    0x080012b2   0x00000002   PAD
    0x080012b4   0x00000098   Code   RO          480    i.HAL_CAN_MspInit   stm32f2xx_hal_msp.o
    0x0800134c   0x00000002   Code   RO          845    i.HAL_CAN_RxFifo0FullCallback  stm32f2xx_hal_can.o
    0x0800134e   0x00000002   PAD
    0x08001350   0x00000080   Code   RO           14    i.HAL_CAN_RxFifo0MsgPendingCallback  main.o
    0x080013d0   0x00000002   Code   RO          847    i.HAL_CAN_RxFifo1FullCallback  stm32f2xx_hal_can.o
    0x080013d2   0x00000002   Code   RO          848    i.HAL_CAN_RxFifo1MsgPendingCallback  stm32f2xx_hal_can.o
    0x080013d4   0x00000002   Code   RO          849    i.HAL_CAN_SleepCallback  stm32f2xx_hal_can.o
    0x080013d6   0x0000005e   Code   RO          850    i.HAL_CAN_Start     stm32f2xx_hal_can.o
    0x08001434   0x00000002   Code   RO          852    i.HAL_CAN_TxMailbox0AbortCallback  stm32f2xx_hal_can.o
    0x08001436   0x00000002   Code   RO          853    i.HAL_CAN_TxMailbox0CompleteCallback  stm32f2xx_hal_can.o
    0x08001438   0x00000002   Code   RO          854    i.HAL_CAN_TxMailbox1AbortCallback  stm32f2xx_hal_can.o
    0x0800143a   0x00000002   Code   RO          855    i.HAL_CAN_TxMailbox1CompleteCallback  stm32f2xx_hal_can.o
    0x0800143c   0x00000002   Code   RO          856    i.HAL_CAN_TxMailbox2AbortCallback  stm32f2xx_hal_can.o
    0x0800143e   0x00000002   Code   RO          857    i.HAL_CAN_TxMailbox2CompleteCallback  stm32f2xx_hal_can.o
    0x08001440   0x00000002   Code   RO          859    i.HAL_CAN_WakeUpFromRxMsgCallback  stm32f2xx_hal_can.o
    0x08001442   0x00000002   PAD
    0x08001444   0x00000028   Code   RO         1754    i.HAL_Delay         stm32f2xx_hal.o
    0x0800146c   0x0000000c   Code   RO           17    i.HAL_GPIO_EXTI_Callback  main.o
    0x08001478   0x0000001c   Code   RO         2592    i.HAL_GPIO_EXTI_IRQHandler  stm32f2xx_hal_gpio.o
    0x08001494   0x00000208   Code   RO         2593    i.HAL_GPIO_Init     stm32f2xx_hal_gpio.o
    0x0800169c   0x0000000c   Code   RO         2597    i.HAL_GPIO_WritePin  stm32f2xx_hal_gpio.o
    0x080016a8   0x0000000c   Code   RO         1760    i.HAL_GetTick       stm32f2xx_hal.o
    0x080016b4   0x00000018   Code   RO         1766    i.HAL_IncTick       stm32f2xx_hal.o
    0x080016cc   0x0000003c   Code   RO         1767    i.HAL_Init          stm32f2xx_hal.o
    0x08001708   0x0000004c   Code   RO         1768    i.HAL_InitTick      stm32f2xx_hal.o
    0x08001754   0x00000048   Code   RO          481    i.HAL_MspInit       stm32f2xx_hal_msp.o
    0x0800179c   0x00000020   Code   RO         2070    i.HAL_NVIC_EnableIRQ  stm32f2xx_hal_cortex.o
    0x080017bc   0x0000007c   Code   RO         2076    i.HAL_NVIC_SetPriority  stm32f2xx_hal_cortex.o
    0x08001838   0x00000028   Code   RO         2077    i.HAL_NVIC_SetPriorityGrouping  stm32f2xx_hal_cortex.o
    0x08001860   0x0000018c   Code   RO         1934    i.HAL_RCC_ClockConfig  stm32f2xx_hal_rcc.o
    0x080019ec   0x0000000c   Code   RO         1939    i.HAL_RCC_GetHCLKFreq  stm32f2xx_hal_rcc.o
    0x080019f8   0x0000002c   Code   RO         1941    i.HAL_RCC_GetPCLK1Freq  stm32f2xx_hal_rcc.o
    0x08001a24   0x0000002c   Code   RO         1942    i.HAL_RCC_GetPCLK2Freq  stm32f2xx_hal_rcc.o
    0x08001a50   0x000000b0   Code   RO         1943    i.HAL_RCC_GetSysClockFreq  stm32f2xx_hal_rcc.o
    0x08001b00   0x0000041a   Code   RO         1946    i.HAL_RCC_OscConfig  stm32f2xx_hal_rcc.o
    0x08001f1a   0x0000008c   Code   RO         1069    i.HAL_SPI_Init      stm32f2xx_hal_spi.o
    0x08001fa6   0x00000002   PAD
    0x08001fa8   0x00000088   Code   RO          483    i.HAL_SPI_MspInit   stm32f2xx_hal_msp.o
    0x08002030   0x00000164   Code   RO         1072    i.HAL_SPI_Receive   stm32f2xx_hal_spi.o
    0x08002194   0x00000054   Code   RO           19    i.HAL_SPI_T_R_Burst  main.o
    0x080021e8   0x000001a2   Code   RO         1077    i.HAL_SPI_Transmit  stm32f2xx_hal_spi.o
    0x0800238a   0x0000022a   Code   RO         1078    i.HAL_SPI_TransmitReceive  stm32f2xx_hal_spi.o
    0x080025b4   0x00000034   Code   RO         2081    i.HAL_SYSTICK_Config  stm32f2xx_hal_cortex.o
    0x080025e8   0x00000072   Code   RO         1441    i.HAL_UART_Init     stm32f2xx_hal_uart.o
    0x0800265a   0x00000002   PAD
    0x0800265c   0x00000088   Code   RO          485    i.HAL_UART_MspInit  stm32f2xx_hal_msp.o
    0x080026e4   0x000000d6   Code   RO         1449    i.HAL_UART_Transmit  stm32f2xx_hal_uart.o
    0x080027ba   0x00000004   Code   RO          393    i.HardFault_Handler  stm32f2xx_it.o
    0x080027be   0x00000002   PAD
    0x080027c0   0x00000068   Code   RO           23    i.MX_ADC1_Init      main.o
    0x08002828   0x00000044   Code   RO           24    i.MX_CAN1_Init      main.o
    0x0800286c   0x00000100   Code   RO           25    i.MX_GPIO_Init      main.o
    0x0800296c   0x00000048   Code   RO           26    i.MX_SPI1_Init      main.o
    0x080029b4   0x00000038   Code   RO           27    i.MX_USART1_UART_Init  main.o
    0x080029ec   0x00000004   Code   RO          394    i.MemManage_Handler  stm32f2xx_it.o
    0x080029f0   0x00000002   Code   RO          395    i.NMI_Handler       stm32f2xx_it.o
    0x080029f2   0x00000002   Code   RO          396    i.PendSV_Handler    stm32f2xx_it.o
    0x080029f4   0x0000004c   Code   RO         1106    i.SPI_EndRxTransaction  stm32f2xx_hal_spi.o
    0x08002a40   0x00000028   Code   RO         1107    i.SPI_EndRxTxTransaction  stm32f2xx_hal_spi.o
    0x08002a68   0x000000a8   Code   RO         1112    i.SPI_WaitFlagStateUntilTimeout  stm32f2xx_hal_spi.o
    0x08002b10   0x00000002   Code   RO          397    i.SVC_Handler       stm32f2xx_it.o
    0x08002b12   0x00000008   Code   RO          398    i.SysTick_Handler   stm32f2xx_it.o
    0x08002b1a   0x0000006e   Code   RO           28    i.SystemClock_Config  main.o
    0x08002b88   0x00000054   Code   RO         2876    i.SystemInit        system_stm32f2xx.o
    0x08002bdc   0x00000324   Code   RO         1468    i.UART_SetConfig    stm32f2xx_hal_uart.o
    0x08002f00   0x0000006c   Code   RO         1470    i.UART_WaitOnFlagUntilTimeout  stm32f2xx_hal_uart.o
    0x08002f6c   0x00000004   Code   RO          399    i.UsageFault_Handler  stm32f2xx_it.o
    0x08002f70   0x00000020   Code   RO         3149    i.__0printf         mc_w.l(printfa.o)
    0x08002f90   0x00000010   Code   RO         2083    i.__NVIC_GetPriorityGrouping  stm32f2xx_hal_cortex.o
    0x08002fa0   0x00000028   Code   RO         2084    i.__NVIC_SetPriority  stm32f2xx_hal_cortex.o
    0x08002fc8   0x0000000e   Code   RO         3263    i.__scatterload_copy  mc_w.l(handlers.o)
    0x08002fd6   0x00000002   Code   RO         3264    i.__scatterload_null  mc_w.l(handlers.o)
    0x08002fd8   0x0000000e   Code   RO         3265    i.__scatterload_zeroinit  mc_w.l(handlers.o)
    0x08002fe6   0x00000002   PAD
    0x08002fe8   0x00000164   Code   RO         3156    i._fp_digits        mc_w.l(printfa.o)
    0x0800314c   0x000006dc   Code   RO         3157    i._printf_core      mc_w.l(printfa.o)
    0x08003828   0x00000024   Code   RO         3158    i._printf_post_padding  mc_w.l(printfa.o)
    0x0800384c   0x0000002e   Code   RO         3159    i._printf_pre_padding  mc_w.l(printfa.o)
    0x0800387a   0x00000002   PAD
    0x0800387c   0x0000001c   Code   RO           32    i.fputc             main.o
    0x08003898   0x0000021c   Code   RO           37    i.main              main.o
    0x08003ab4   0x0000006c   Code   RO         3178    i.malloc            mc_w.l(malloc.o)
    0x08003b20   0x0000007c   Code   RO           48    i.vApp_CAN_Configuration  main.o
    0x08003b9c   0x00000046   Code   RO           49    i.vApp_CAN_Filter_Init  main.o
    0x08003be2   0x00000016   Code   RO           50    i.vApp_CAN_TxHeader_Init  main.o
    0x08003bf8   0x00000044   Code   RO           53    i.vApp_User_CAN_Configuration  main.o
    0x08003c3c   0x00000018   Data   RO         2877    .constdata          system_stm32f2xx.o
    0x08003c54   0x00000020   Data   RO         3261    Region$$Table       anon$$obj.o


    Execution Region RW_IRAM1 (Base: 0x20000000, Size: 0x00000790, Max: 0x00010000, ABSOLUTE)

    Base Addr    Size         Type   Attr      Idx    E Section Name        Object

    0x20000000   0x0000000a   Data   RW           55    .data               main.o
    0x2000000a   0x00000002   PAD
    0x2000000c   0x00000009   Data   RW         1774    .data               stm32f2xx_hal.o
    0x20000015   0x00000003   PAD
    0x20000018   0x00000004   Data   RW         2878    .data               system_stm32f2xx.o
    0x2000001c   0x00000004   Data   RW         3231    .data               mc_w.l(stdout.o)
    0x20000020   0x00000004   Data   RW         3242    .data               mc_w.l(mvars.o)
    0x20000024   0x00000004   Data   RW         3243    .data               mc_w.l(mvars.o)
    0x20000028   0x00000164   Zero   RW           54    .bss                main.o
    0x2000018c   0x00000004   PAD
    0x20000190   0x00000200   Zero   RW            2    HEAP                startup_stm32f205xx.o
    0x20000390   0x00000400   Zero   RW            1    STACK               startup_stm32f205xx.o


==============================================================================

Image component sizes


      Code (inc. data)   RO Data    RW Data    ZI Data      Debug   Object Name

      1744        212          0         10        356     625503   main.o
        36          8        388          0       1536        908   startup_stm32f205xx.o
       212         38          0          9          0       9865   stm32f2xx_hal.o
       884         36          0          0          0       2975   stm32f2xx_hal_adc.o
      1792          6          0          0          0      14572   stm32f2xx_hal_can.o
       304         22          0          0          0      31775   stm32f2xx_hal_cortex.o
       560         54          0          0          0       3223   stm32f2xx_hal_gpio.o
       624         58          0          0          0       4147   stm32f2xx_hal_msp.o
      1722         76          0          0          0       6100   stm32f2xx_hal_rcc.o
      1752          0          0          0          0       7954   stm32f2xx_hal_spi.o
      1240          8          0          0          0       4028   stm32f2xx_hal_uart.o
        58          6          0          0          0       5875   stm32f2xx_it.o
        84         16         24          4          0       1459   system_stm32f2xx.o

    ----------------------------------------------------------------------
     11028        540        444         28       1896     718384   Object Totals
         0          0         32          0          0          0   (incl. Generated)
        16          0          0          5          4          0   (incl. Padding)

    ----------------------------------------------------------------------

      Code (inc. data)   RO Data    RW Data    ZI Data      Debug   Library Member Name

         0          0          0          0          0          0   entry.o
         0          0          0          0          0          0   entry10a.o
         0          0          0          0          0          0   entry11a.o
         8          4          0          0          0          0   entry2.o
         4          0          0          0          0          0   entry5.o
         0          0          0          0          0          0   entry7b.o
         0          0          0          0          0          0   entry8b.o
         8          4          0          0          0          0   entry9a.o
        30          0          0          0          0          0   handlers.o
        36          8          0          0          0         68   init.o
         0          0          0          0          0          0   iusefp.o
        30          0          0          0          0         68   llshl.o
        36          0          0          0          0         68   llsshr.o
        32          0          0          0          0         68   llushr.o
       108         16          0          0          0         84   malloc.o
        36          0          0          0          0        108   memseta.o
         0          0          0          8          0          0   mvars.o
      2226         90          0          0          0        444   printfa.o
         0          0          0          4          0          0   stdout.o
        44          0          0          0          0         80   uidiv.o
        98          0          0          0          0         92   uldiv.o
        48          0          0          0          0         68   cdrcmple.o
        56          0          0          0          0         88   d2f.o
       334          0          0          0          0        148   dadd.o
       222          0          0          0          0        100   ddiv.o
       186          0          0          0          0        176   depilogue.o
        48          0          0          0          0         68   dfixul.o
        34          0          0          0          0         76   dflti.o
       228          0          0          0          0         96   dmul.o
        38          0          0          0          0         68   f2d.o
       110          0          0          0          0        168   fepilogue.o

    ----------------------------------------------------------------------
      4004        122          0         12          0       2136   Library Totals
         4          0          0          0          0          0   (incl. Padding)

    ----------------------------------------------------------------------

      Code (inc. data)   RO Data    RW Data    ZI Data      Debug   Library Name

      2696        122          0         12          0       1080   mc_w.l
      1304          0          0          0          0       1056   mf_w.l

    ----------------------------------------------------------------------
      4004        122          0         12          0       2136   Library Totals

    ----------------------------------------------------------------------

==============================================================================


      Code (inc. data)   RO Data    RW Data    ZI Data      Debug   

     15032        662        444         40       1896     715472   Grand Totals
     15032        662        444         40       1896     715472   ELF Image Totals
     15032        662        444         40          0          0   ROM Totals

==============================================================================

    Total RO  Size (Code + RO Data)                15476 (  15.11kB)
    Total RW  Size (RW Data + ZI Data)              1936 (   1.89kB)
    Total ROM Size (Code + RO Data + RW Data)      15516 (  15.15kB)

==============================================================================

